Archive member included to satisfy reference by file (symbol)

D:/Programs/Runtimes/GCC/arm-none-eabi/bin/../lib/gcc/arm-none-eabi/15.2.1/thumb/v6-m/nofp\libgcc.a(_udivsi3.o)
                              CMakeFiles/CMake_Project.dir/Core/Src/ti_msp_dl_config.c.obj (__aeabi_uidiv)
D:/Programs/Runtimes/GCC/arm-none-eabi/bin/../lib/gcc/arm-none-eabi/15.2.1/thumb/v6-m/nofp\libgcc.a(_dvmd_tls.o)
                              D:/Programs/Runtimes/GCC/arm-none-eabi/bin/../lib/gcc/arm-none-eabi/15.2.1/thumb/v6-m/nofp\libgcc.a(_udivsi3.o) (__aeabi_idiv0)
D:/Programs/Runtimes/GCC/arm-none-eabi/bin/../lib/gcc/arm-none-eabi/15.2.1/../../../../arm-none-eabi/lib/thumb/v6-m/nofp\libc_nano.a(libc_a-exit.o)
                              D:/Programs/Runtimes/GCC/arm-none-eabi/bin/../lib/gcc/arm-none-eabi/15.2.1/../../../../arm-none-eabi/lib/thumb/v6-m/nofp/crt0.o (exit)
D:/Programs/Runtimes/GCC/arm-none-eabi/bin/../lib/gcc/arm-none-eabi/15.2.1/../../../../arm-none-eabi/lib/thumb/v6-m/nofp\libc_nano.a(libc_a-findfp.o)
                              D:/Programs/Runtimes/GCC/arm-none-eabi/bin/../lib/gcc/arm-none-eabi/15.2.1/../../../../arm-none-eabi/lib/thumb/v6-m/nofp\libc_nano.a(libc_a-exit.o) (__stdio_exit_handler)
D:/Programs/Runtimes/GCC/arm-none-eabi/bin/../lib/gcc/arm-none-eabi/15.2.1/../../../../arm-none-eabi/lib/thumb/v6-m/nofp\libc_nano.a(libc_a-fwalk.o)
                              D:/Programs/Runtimes/GCC/arm-none-eabi/bin/../lib/gcc/arm-none-eabi/15.2.1/../../../../arm-none-eabi/lib/thumb/v6-m/nofp\libc_nano.a(libc_a-findfp.o) (_fwalk_sglue)
D:/Programs/Runtimes/GCC/arm-none-eabi/bin/../lib/gcc/arm-none-eabi/15.2.1/../../../../arm-none-eabi/lib/thumb/v6-m/nofp\libc_nano.a(libc_a-stdio.o)
                              D:/Programs/Runtimes/GCC/arm-none-eabi/bin/../lib/gcc/arm-none-eabi/15.2.1/../../../../arm-none-eabi/lib/thumb/v6-m/nofp\libc_nano.a(libc_a-findfp.o) (__sread)
D:/Programs/Runtimes/GCC/arm-none-eabi/bin/../lib/gcc/arm-none-eabi/15.2.1/../../../../arm-none-eabi/lib/thumb/v6-m/nofp\libc_nano.a(libc_a-memset.o)
                              D:/Programs/Runtimes/GCC/arm-none-eabi/bin/../lib/gcc/arm-none-eabi/15.2.1/../../../../arm-none-eabi/lib/thumb/v6-m/nofp/crt0.o (memset)
D:/Programs/Runtimes/GCC/arm-none-eabi/bin/../lib/gcc/arm-none-eabi/15.2.1/../../../../arm-none-eabi/lib/thumb/v6-m/nofp\libc_nano.a(libc_a-closer.o)
                              D:/Programs/Runtimes/GCC/arm-none-eabi/bin/../lib/gcc/arm-none-eabi/15.2.1/../../../../arm-none-eabi/lib/thumb/v6-m/nofp\libc_nano.a(libc_a-stdio.o) (_close_r)
D:/Programs/Runtimes/GCC/arm-none-eabi/bin/../lib/gcc/arm-none-eabi/15.2.1/../../../../arm-none-eabi/lib/thumb/v6-m/nofp\libc_nano.a(libc_a-reent.o)
                              D:/Programs/Runtimes/GCC/arm-none-eabi/bin/../lib/gcc/arm-none-eabi/15.2.1/../../../../arm-none-eabi/lib/thumb/v6-m/nofp\libc_nano.a(libc_a-closer.o) (errno)
D:/Programs/Runtimes/GCC/arm-none-eabi/bin/../lib/gcc/arm-none-eabi/15.2.1/../../../../arm-none-eabi/lib/thumb/v6-m/nofp\libc_nano.a(libc_a-impure.o)
                              D:/Programs/Runtimes/GCC/arm-none-eabi/bin/../lib/gcc/arm-none-eabi/15.2.1/../../../../arm-none-eabi/lib/thumb/v6-m/nofp\libc_nano.a(libc_a-reent.o) (_impure_ptr)
D:/Programs/Runtimes/GCC/arm-none-eabi/bin/../lib/gcc/arm-none-eabi/15.2.1/../../../../arm-none-eabi/lib/thumb/v6-m/nofp\libc_nano.a(libc_a-lseekr.o)
                              D:/Programs/Runtimes/GCC/arm-none-eabi/bin/../lib/gcc/arm-none-eabi/15.2.1/../../../../arm-none-eabi/lib/thumb/v6-m/nofp\libc_nano.a(libc_a-stdio.o) (_lseek_r)
D:/Programs/Runtimes/GCC/arm-none-eabi/bin/../lib/gcc/arm-none-eabi/15.2.1/../../../../arm-none-eabi/lib/thumb/v6-m/nofp\libc_nano.a(libc_a-readr.o)
                              D:/Programs/Runtimes/GCC/arm-none-eabi/bin/../lib/gcc/arm-none-eabi/15.2.1/../../../../arm-none-eabi/lib/thumb/v6-m/nofp\libc_nano.a(libc_a-stdio.o) (_read_r)
D:/Programs/Runtimes/GCC/arm-none-eabi/bin/../lib/gcc/arm-none-eabi/15.2.1/../../../../arm-none-eabi/lib/thumb/v6-m/nofp\libc_nano.a(libc_a-writer.o)
                              D:/Programs/Runtimes/GCC/arm-none-eabi/bin/../lib/gcc/arm-none-eabi/15.2.1/../../../../arm-none-eabi/lib/thumb/v6-m/nofp\libc_nano.a(libc_a-stdio.o) (_write_r)
D:/Programs/Runtimes/GCC/arm-none-eabi/bin/../lib/gcc/arm-none-eabi/15.2.1/../../../../arm-none-eabi/lib/thumb/v6-m/nofp\libc_nano.a(libc_a-init.o)
                              D:/Programs/Runtimes/GCC/arm-none-eabi/bin/../lib/gcc/arm-none-eabi/15.2.1/../../../../arm-none-eabi/lib/thumb/v6-m/nofp/crt0.o (__libc_init_array)
D:/Programs/Runtimes/GCC/arm-none-eabi/bin/../lib/gcc/arm-none-eabi/15.2.1/../../../../arm-none-eabi/lib/thumb/v6-m/nofp\libc_nano.a(libc_a-lock.o)
                              D:/Programs/Runtimes/GCC/arm-none-eabi/bin/../lib/gcc/arm-none-eabi/15.2.1/../../../../arm-none-eabi/lib/thumb/v6-m/nofp\libc_nano.a(libc_a-findfp.o) (__retarget_lock_init_recursive)
D:/Programs/Runtimes/GCC/arm-none-eabi/bin/../lib/gcc/arm-none-eabi/15.2.1/../../../../arm-none-eabi/lib/thumb/v6-m/nofp\libc_nano.a(libc_a-memcpy-stub.o)
                              CMakeFiles/CMake_Project.dir/Core/Src/ti_msp_dl_config.c.obj (memcpy)
D:/Programs/Runtimes/GCC/arm-none-eabi/bin/../lib/gcc/arm-none-eabi/15.2.1/../../../../arm-none-eabi/lib/thumb/v6-m/nofp\libc_nano.a(libc_a-freer.o)
                              D:/Programs/Runtimes/GCC/arm-none-eabi/bin/../lib/gcc/arm-none-eabi/15.2.1/../../../../arm-none-eabi/lib/thumb/v6-m/nofp\libc_nano.a(libc_a-reent.o) (_free_r)
D:/Programs/Runtimes/GCC/arm-none-eabi/bin/../lib/gcc/arm-none-eabi/15.2.1/../../../../arm-none-eabi/lib/thumb/v6-m/nofp\libc_nano.a(libc_a-mallocr.o)
                              D:/Programs/Runtimes/GCC/arm-none-eabi/bin/../lib/gcc/arm-none-eabi/15.2.1/../../../../arm-none-eabi/lib/thumb/v6-m/nofp\libc_nano.a(libc_a-findfp.o) (_malloc_r)
D:/Programs/Runtimes/GCC/arm-none-eabi/bin/../lib/gcc/arm-none-eabi/15.2.1/../../../../arm-none-eabi/lib/thumb/v6-m/nofp\libc_nano.a(libc_a-mlock.o)
                              D:/Programs/Runtimes/GCC/arm-none-eabi/bin/../lib/gcc/arm-none-eabi/15.2.1/../../../../arm-none-eabi/lib/thumb/v6-m/nofp\libc_nano.a(libc_a-freer.o) (__malloc_lock)
D:/Programs/Runtimes/GCC/arm-none-eabi/bin/../lib/gcc/arm-none-eabi/15.2.1/../../../../arm-none-eabi/lib/thumb/v6-m/nofp\libc_nano.a(libc_a-fflush.o)
                              D:/Programs/Runtimes/GCC/arm-none-eabi/bin/../lib/gcc/arm-none-eabi/15.2.1/../../../../arm-none-eabi/lib/thumb/v6-m/nofp\libc_nano.a(libc_a-findfp.o) (_fflush_r)
D:/Programs/Runtimes/GCC/arm-none-eabi/bin/../lib/gcc/arm-none-eabi/15.2.1/../../../../arm-none-eabi/lib/thumb/v6-m/nofp\libc_nano.a(libc_a-sbrkr.o)
                              D:/Programs/Runtimes/GCC/arm-none-eabi/bin/../lib/gcc/arm-none-eabi/15.2.1/../../../../arm-none-eabi/lib/thumb/v6-m/nofp\libc_nano.a(libc_a-mallocr.o) (_sbrk_r)
D:/Programs/Runtimes/GCC/arm-none-eabi/bin/../lib/gcc/arm-none-eabi/15.2.1/../../../../arm-none-eabi/lib/thumb/v6-m/nofp\libnosys.a(close.o)
                              D:/Programs/Runtimes/GCC/arm-none-eabi/bin/../lib/gcc/arm-none-eabi/15.2.1/../../../../arm-none-eabi/lib/thumb/v6-m/nofp\libc_nano.a(libc_a-closer.o) (_close)
D:/Programs/Runtimes/GCC/arm-none-eabi/bin/../lib/gcc/arm-none-eabi/15.2.1/../../../../arm-none-eabi/lib/thumb/v6-m/nofp\libnosys.a(lseek.o)
                              D:/Programs/Runtimes/GCC/arm-none-eabi/bin/../lib/gcc/arm-none-eabi/15.2.1/../../../../arm-none-eabi/lib/thumb/v6-m/nofp\libc_nano.a(libc_a-lseekr.o) (_lseek)
D:/Programs/Runtimes/GCC/arm-none-eabi/bin/../lib/gcc/arm-none-eabi/15.2.1/../../../../arm-none-eabi/lib/thumb/v6-m/nofp\libnosys.a(read.o)
                              D:/Programs/Runtimes/GCC/arm-none-eabi/bin/../lib/gcc/arm-none-eabi/15.2.1/../../../../arm-none-eabi/lib/thumb/v6-m/nofp\libc_nano.a(libc_a-readr.o) (_read)
D:/Programs/Runtimes/GCC/arm-none-eabi/bin/../lib/gcc/arm-none-eabi/15.2.1/../../../../arm-none-eabi/lib/thumb/v6-m/nofp\libnosys.a(sbrk.o)
                              D:/Programs/Runtimes/GCC/arm-none-eabi/bin/../lib/gcc/arm-none-eabi/15.2.1/../../../../arm-none-eabi/lib/thumb/v6-m/nofp\libc_nano.a(libc_a-sbrkr.o) (_sbrk)
D:/Programs/Runtimes/GCC/arm-none-eabi/bin/../lib/gcc/arm-none-eabi/15.2.1/../../../../arm-none-eabi/lib/thumb/v6-m/nofp\libnosys.a(write.o)
                              D:/Programs/Runtimes/GCC/arm-none-eabi/bin/../lib/gcc/arm-none-eabi/15.2.1/../../../../arm-none-eabi/lib/thumb/v6-m/nofp\libc_nano.a(libc_a-writer.o) (_write)
D:/Programs/Runtimes/GCC/arm-none-eabi/bin/../lib/gcc/arm-none-eabi/15.2.1/../../../../arm-none-eabi/lib/thumb/v6-m/nofp\libnosys.a(_exit.o)
                              D:/Programs/Runtimes/GCC/arm-none-eabi/bin/../lib/gcc/arm-none-eabi/15.2.1/../../../../arm-none-eabi/lib/thumb/v6-m/nofp\libc_nano.a(libc_a-exit.o) (_exit)
C:/Users/Tommy/Desktop/Codes/EMBEDD~1/TI/CMAKE_~1/Drivers\ti/driverlib/lib/gcc/m0p/mspm0g1x0x_g3x0x/driverlib.a(dl_common.o)
                              CMakeFiles/CMake_Project.dir/Application/main.c.obj (DL_Common_delayCycles)
C:/Users/Tommy/Desktop/Codes/EMBEDD~1/TI/CMAKE_~1/Drivers\ti/driverlib/lib/gcc/m0p/mspm0g1x0x_g3x0x/driverlib.a(dl_sysctl_mspm0g1x0x_g3x0x.o)
                              CMakeFiles/CMake_Project.dir/Core/Src/ti_msp_dl_config.c.obj (DL_SYSCTL_configSYSPLL)

Discarded input sections

 .rodata.all_implied_fbits
                0x00000000       0x24 D:/Programs/Runtimes/GCC/arm-none-eabi/bin/../lib/gcc/arm-none-eabi/15.2.1/thumb/v6-m/nofp/crtbegin.o
 .rodata.I2C0   0x00000000        0x4 CMakeFiles/CMake_Project.dir/Application/main.c.obj
 .rodata.SYSCTL
                0x00000000        0x4 CMakeFiles/CMake_Project.dir/Application/main.c.obj
 .rodata.WWDT1  0x00000000        0x4 CMakeFiles/CMake_Project.dir/Application/main.c.obj
 .rodata.CPUSS  0x00000000        0x4 CMakeFiles/CMake_Project.dir/Application/main.c.obj
 .rodata.CANFD0
                0x00000000        0x4 CMakeFiles/CMake_Project.dir/Application/main.c.obj
 .rodata.IOMUX  0x00000000        0x4 CMakeFiles/CMake_Project.dir/Application/main.c.obj
 .rodata.GPIOB  0x00000000        0x4 CMakeFiles/CMake_Project.dir/Application/main.c.obj
 .rodata.CRC    0x00000000        0x4 CMakeFiles/CMake_Project.dir/Application/main.c.obj
 .rodata.WWDT0  0x00000000        0x4 CMakeFiles/CMake_Project.dir/Application/main.c.obj
 .rodata.SPI1   0x00000000        0x4 CMakeFiles/CMake_Project.dir/Application/main.c.obj
 .rodata.DAC0   0x00000000        0x4 CMakeFiles/CMake_Project.dir/Application/main.c.obj
 .rodata.I2C1   0x00000000        0x4 CMakeFiles/CMake_Project.dir/Application/main.c.obj
 .rodata.GPIOA  0x00000000        0x4 CMakeFiles/CMake_Project.dir/Application/main.c.obj
 .rodata.FLASHCTL
                0x00000000        0x4 CMakeFiles/CMake_Project.dir/Application/main.c.obj
 .rodata.TRNG   0x00000000        0x4 CMakeFiles/CMake_Project.dir/Application/main.c.obj
 .rodata.RTC    0x00000000        0x4 CMakeFiles/CMake_Project.dir/Application/main.c.obj
 .rodata.SPI0   0x00000000        0x4 CMakeFiles/CMake_Project.dir/Application/main.c.obj
 .rodata.AES    0x00000000        0x4 CMakeFiles/CMake_Project.dir/Application/main.c.obj
 .rodata.DMA    0x00000000        0x4 CMakeFiles/CMake_Project.dir/Application/main.c.obj
 .rodata.OPA0   0x00000000        0x4 CMakeFiles/CMake_Project.dir/Application/main.c.obj
 .rodata.OPA1   0x00000000        0x4 CMakeFiles/CMake_Project.dir/Application/main.c.obj
 .rodata.TIMA0  0x00000000        0x4 CMakeFiles/CMake_Project.dir/Application/main.c.obj
 .rodata.TIMA1  0x00000000        0x4 CMakeFiles/CMake_Project.dir/Application/main.c.obj
 .rodata.UART3  0x00000000        0x4 CMakeFiles/CMake_Project.dir/Application/main.c.obj
 .rodata.UART0  0x00000000        0x4 CMakeFiles/CMake_Project.dir/Application/main.c.obj
 .rodata.UART1  0x00000000        0x4 CMakeFiles/CMake_Project.dir/Application/main.c.obj
 .rodata.UART2  0x00000000        0x4 CMakeFiles/CMake_Project.dir/Application/main.c.obj
 .rodata.COMP0  0x00000000        0x4 CMakeFiles/CMake_Project.dir/Application/main.c.obj
 .rodata.COMP1  0x00000000        0x4 CMakeFiles/CMake_Project.dir/Application/main.c.obj
 .rodata.COMP2  0x00000000        0x4 CMakeFiles/CMake_Project.dir/Application/main.c.obj
 .rodata.WUC    0x00000000        0x4 CMakeFiles/CMake_Project.dir/Application/main.c.obj
 .rodata.FACTORYREGION
                0x00000000        0x4 CMakeFiles/CMake_Project.dir/Application/main.c.obj
 .rodata.ADC0   0x00000000        0x4 CMakeFiles/CMake_Project.dir/Application/main.c.obj
 .rodata.ADC0_PERIPHERALREGIONSVT
                0x00000000        0x4 CMakeFiles/CMake_Project.dir/Application/main.c.obj
 .rodata.ADC1   0x00000000        0x4 CMakeFiles/CMake_Project.dir/Application/main.c.obj
 .rodata.ADC1_PERIPHERALREGIONSVT
                0x00000000        0x4 CMakeFiles/CMake_Project.dir/Application/main.c.obj
 .rodata.TIMG0  0x00000000        0x4 CMakeFiles/CMake_Project.dir/Application/main.c.obj
 .rodata.VREF   0x00000000        0x4 CMakeFiles/CMake_Project.dir/Application/main.c.obj
 .rodata.MATHACL
                0x00000000        0x4 CMakeFiles/CMake_Project.dir/Application/main.c.obj
 .rodata.TIMG12
                0x00000000        0x4 CMakeFiles/CMake_Project.dir/Application/main.c.obj
 .rodata.TIMG6  0x00000000        0x4 CMakeFiles/CMake_Project.dir/Application/main.c.obj
 .rodata.TIMG7  0x00000000        0x4 CMakeFiles/CMake_Project.dir/Application/main.c.obj
 .rodata.TIMG8  0x00000000        0x4 CMakeFiles/CMake_Project.dir/Application/main.c.obj
 .rodata.DEBUGSS
                0x00000000        0x4 CMakeFiles/CMake_Project.dir/Application/main.c.obj
 .rodata.I2C0   0x00000000        0x4 CMakeFiles/CMake_Project.dir/Core/Src/boot_config.c.obj
 .rodata.SYSCTL
                0x00000000        0x4 CMakeFiles/CMake_Project.dir/Core/Src/boot_config.c.obj
 .rodata.WWDT1  0x00000000        0x4 CMakeFiles/CMake_Project.dir/Core/Src/boot_config.c.obj
 .rodata.CPUSS  0x00000000        0x4 CMakeFiles/CMake_Project.dir/Core/Src/boot_config.c.obj
 .rodata.CANFD0
                0x00000000        0x4 CMakeFiles/CMake_Project.dir/Core/Src/boot_config.c.obj
 .rodata.IOMUX  0x00000000        0x4 CMakeFiles/CMake_Project.dir/Core/Src/boot_config.c.obj
 .rodata.GPIOB  0x00000000        0x4 CMakeFiles/CMake_Project.dir/Core/Src/boot_config.c.obj
 .rodata.CRC    0x00000000        0x4 CMakeFiles/CMake_Project.dir/Core/Src/boot_config.c.obj
 .rodata.WWDT0  0x00000000        0x4 CMakeFiles/CMake_Project.dir/Core/Src/boot_config.c.obj
 .rodata.SPI1   0x00000000        0x4 CMakeFiles/CMake_Project.dir/Core/Src/boot_config.c.obj
 .rodata.DAC0   0x00000000        0x4 CMakeFiles/CMake_Project.dir/Core/Src/boot_config.c.obj
 .rodata.I2C1   0x00000000        0x4 CMakeFiles/CMake_Project.dir/Core/Src/boot_config.c.obj
 .rodata.GPIOA  0x00000000        0x4 CMakeFiles/CMake_Project.dir/Core/Src/boot_config.c.obj
 .rodata.FLASHCTL
                0x00000000        0x4 CMakeFiles/CMake_Project.dir/Core/Src/boot_config.c.obj
 .rodata.TRNG   0x00000000        0x4 CMakeFiles/CMake_Project.dir/Core/Src/boot_config.c.obj
 .rodata.RTC    0x00000000        0x4 CMakeFiles/CMake_Project.dir/Core/Src/boot_config.c.obj
 .rodata.SPI0   0x00000000        0x4 CMakeFiles/CMake_Project.dir/Core/Src/boot_config.c.obj
 .rodata.AES    0x00000000        0x4 CMakeFiles/CMake_Project.dir/Core/Src/boot_config.c.obj
 .rodata.DMA    0x00000000        0x4 CMakeFiles/CMake_Project.dir/Core/Src/boot_config.c.obj
 .rodata.OPA0   0x00000000        0x4 CMakeFiles/CMake_Project.dir/Core/Src/boot_config.c.obj
 .rodata.OPA1   0x00000000        0x4 CMakeFiles/CMake_Project.dir/Core/Src/boot_config.c.obj
 .rodata.TIMA0  0x00000000        0x4 CMakeFiles/CMake_Project.dir/Core/Src/boot_config.c.obj
 .rodata.TIMA1  0x00000000        0x4 CMakeFiles/CMake_Project.dir/Core/Src/boot_config.c.obj
 .rodata.UART3  0x00000000        0x4 CMakeFiles/CMake_Project.dir/Core/Src/boot_config.c.obj
 .rodata.UART0  0x00000000        0x4 CMakeFiles/CMake_Project.dir/Core/Src/boot_config.c.obj
 .rodata.UART1  0x00000000        0x4 CMakeFiles/CMake_Project.dir/Core/Src/boot_config.c.obj
 .rodata.UART2  0x00000000        0x4 CMakeFiles/CMake_Project.dir/Core/Src/boot_config.c.obj
 .rodata.COMP0  0x00000000        0x4 CMakeFiles/CMake_Project.dir/Core/Src/boot_config.c.obj
 .rodata.COMP1  0x00000000        0x4 CMakeFiles/CMake_Project.dir/Core/Src/boot_config.c.obj
 .rodata.COMP2  0x00000000        0x4 CMakeFiles/CMake_Project.dir/Core/Src/boot_config.c.obj
 .rodata.WUC    0x00000000        0x4 CMakeFiles/CMake_Project.dir/Core/Src/boot_config.c.obj
 .rodata.FACTORYREGION
                0x00000000        0x4 CMakeFiles/CMake_Project.dir/Core/Src/boot_config.c.obj
 .rodata.ADC0   0x00000000        0x4 CMakeFiles/CMake_Project.dir/Core/Src/boot_config.c.obj
 .rodata.ADC0_PERIPHERALREGIONSVT
                0x00000000        0x4 CMakeFiles/CMake_Project.dir/Core/Src/boot_config.c.obj
 .rodata.ADC1   0x00000000        0x4 CMakeFiles/CMake_Project.dir/Core/Src/boot_config.c.obj
 .rodata.ADC1_PERIPHERALREGIONSVT
                0x00000000        0x4 CMakeFiles/CMake_Project.dir/Core/Src/boot_config.c.obj
 .rodata.TIMG0  0x00000000        0x4 CMakeFiles/CMake_Project.dir/Core/Src/boot_config.c.obj
 .rodata.VREF   0x00000000        0x4 CMakeFiles/CMake_Project.dir/Core/Src/boot_config.c.obj
 .rodata.MATHACL
                0x00000000        0x4 CMakeFiles/CMake_Project.dir/Core/Src/boot_config.c.obj
 .rodata.TIMG12
                0x00000000        0x4 CMakeFiles/CMake_Project.dir/Core/Src/boot_config.c.obj
 .rodata.TIMG6  0x00000000        0x4 CMakeFiles/CMake_Project.dir/Core/Src/boot_config.c.obj
 .rodata.TIMG7  0x00000000        0x4 CMakeFiles/CMake_Project.dir/Core/Src/boot_config.c.obj
 .rodata.TIMG8  0x00000000        0x4 CMakeFiles/CMake_Project.dir/Core/Src/boot_config.c.obj
 .rodata.DEBUGSS
                0x00000000        0x4 CMakeFiles/CMake_Project.dir/Core/Src/boot_config.c.obj
 .rodata.I2C0   0x00000000        0x4 CMakeFiles/CMake_Project.dir/Core/Src/ti_msp_dl_config.c.obj
 .rodata.SYSCTL
                0x00000000        0x4 CMakeFiles/CMake_Project.dir/Core/Src/ti_msp_dl_config.c.obj
 .rodata.WWDT1  0x00000000        0x4 CMakeFiles/CMake_Project.dir/Core/Src/ti_msp_dl_config.c.obj
 .rodata.CPUSS  0x00000000        0x4 CMakeFiles/CMake_Project.dir/Core/Src/ti_msp_dl_config.c.obj
 .rodata.CANFD0
                0x00000000        0x4 CMakeFiles/CMake_Project.dir/Core/Src/ti_msp_dl_config.c.obj
 .rodata.IOMUX  0x00000000        0x4 CMakeFiles/CMake_Project.dir/Core/Src/ti_msp_dl_config.c.obj
 .rodata.GPIOB  0x00000000        0x4 CMakeFiles/CMake_Project.dir/Core/Src/ti_msp_dl_config.c.obj
 .rodata.CRC    0x00000000        0x4 CMakeFiles/CMake_Project.dir/Core/Src/ti_msp_dl_config.c.obj
 .rodata.WWDT0  0x00000000        0x4 CMakeFiles/CMake_Project.dir/Core/Src/ti_msp_dl_config.c.obj
 .rodata.SPI1   0x00000000        0x4 CMakeFiles/CMake_Project.dir/Core/Src/ti_msp_dl_config.c.obj
 .rodata.DAC0   0x00000000        0x4 CMakeFiles/CMake_Project.dir/Core/Src/ti_msp_dl_config.c.obj
 .rodata.I2C1   0x00000000        0x4 CMakeFiles/CMake_Project.dir/Core/Src/ti_msp_dl_config.c.obj
 .rodata.GPIOA  0x00000000        0x4 CMakeFiles/CMake_Project.dir/Core/Src/ti_msp_dl_config.c.obj
 .rodata.FLASHCTL
                0x00000000        0x4 CMakeFiles/CMake_Project.dir/Core/Src/ti_msp_dl_config.c.obj
 .rodata.TRNG   0x00000000        0x4 CMakeFiles/CMake_Project.dir/Core/Src/ti_msp_dl_config.c.obj
 .rodata.RTC    0x00000000        0x4 CMakeFiles/CMake_Project.dir/Core/Src/ti_msp_dl_config.c.obj
 .rodata.SPI0   0x00000000        0x4 CMakeFiles/CMake_Project.dir/Core/Src/ti_msp_dl_config.c.obj
 .rodata.AES    0x00000000        0x4 CMakeFiles/CMake_Project.dir/Core/Src/ti_msp_dl_config.c.obj
 .rodata.DMA    0x00000000        0x4 CMakeFiles/CMake_Project.dir/Core/Src/ti_msp_dl_config.c.obj
 .rodata.OPA0   0x00000000        0x4 CMakeFiles/CMake_Project.dir/Core/Src/ti_msp_dl_config.c.obj
 .rodata.OPA1   0x00000000        0x4 CMakeFiles/CMake_Project.dir/Core/Src/ti_msp_dl_config.c.obj
 .rodata.TIMA0  0x00000000        0x4 CMakeFiles/CMake_Project.dir/Core/Src/ti_msp_dl_config.c.obj
 .rodata.TIMA1  0x00000000        0x4 CMakeFiles/CMake_Project.dir/Core/Src/ti_msp_dl_config.c.obj
 .rodata.UART3  0x00000000        0x4 CMakeFiles/CMake_Project.dir/Core/Src/ti_msp_dl_config.c.obj
 .rodata.UART0  0x00000000        0x4 CMakeFiles/CMake_Project.dir/Core/Src/ti_msp_dl_config.c.obj
 .rodata.UART1  0x00000000        0x4 CMakeFiles/CMake_Project.dir/Core/Src/ti_msp_dl_config.c.obj
 .rodata.UART2  0x00000000        0x4 CMakeFiles/CMake_Project.dir/Core/Src/ti_msp_dl_config.c.obj
 .rodata.COMP0  0x00000000        0x4 CMakeFiles/CMake_Project.dir/Core/Src/ti_msp_dl_config.c.obj
 .rodata.COMP1  0x00000000        0x4 CMakeFiles/CMake_Project.dir/Core/Src/ti_msp_dl_config.c.obj
 .rodata.COMP2  0x00000000        0x4 CMakeFiles/CMake_Project.dir/Core/Src/ti_msp_dl_config.c.obj
 .rodata.WUC    0x00000000        0x4 CMakeFiles/CMake_Project.dir/Core/Src/ti_msp_dl_config.c.obj
 .rodata.FACTORYREGION
                0x00000000        0x4 CMakeFiles/CMake_Project.dir/Core/Src/ti_msp_dl_config.c.obj
 .rodata.ADC0   0x00000000        0x4 CMakeFiles/CMake_Project.dir/Core/Src/ti_msp_dl_config.c.obj
 .rodata.ADC0_PERIPHERALREGIONSVT
                0x00000000        0x4 CMakeFiles/CMake_Project.dir/Core/Src/ti_msp_dl_config.c.obj
 .rodata.ADC1   0x00000000        0x4 CMakeFiles/CMake_Project.dir/Core/Src/ti_msp_dl_config.c.obj
 .rodata.ADC1_PERIPHERALREGIONSVT
                0x00000000        0x4 CMakeFiles/CMake_Project.dir/Core/Src/ti_msp_dl_config.c.obj
 .rodata.TIMG0  0x00000000        0x4 CMakeFiles/CMake_Project.dir/Core/Src/ti_msp_dl_config.c.obj
 .rodata.VREF   0x00000000        0x4 CMakeFiles/CMake_Project.dir/Core/Src/ti_msp_dl_config.c.obj
 .rodata.MATHACL
                0x00000000        0x4 CMakeFiles/CMake_Project.dir/Core/Src/ti_msp_dl_config.c.obj
 .rodata.TIMG12
                0x00000000        0x4 CMakeFiles/CMake_Project.dir/Core/Src/ti_msp_dl_config.c.obj
 .rodata.TIMG6  0x00000000        0x4 CMakeFiles/CMake_Project.dir/Core/Src/ti_msp_dl_config.c.obj
 .rodata.TIMG7  0x00000000        0x4 CMakeFiles/CMake_Project.dir/Core/Src/ti_msp_dl_config.c.obj
 .rodata.TIMG8  0x00000000        0x4 CMakeFiles/CMake_Project.dir/Core/Src/ti_msp_dl_config.c.obj
 .rodata.DEBUGSS
                0x00000000        0x4 CMakeFiles/CMake_Project.dir/Core/Src/ti_msp_dl_config.c.obj
 .text.initStub
                0x00000000        0xa CMakeFiles/CMake_Project.dir/Core/Startup/startup_mspm0g350x_gcc.c.obj
 .text.std      0x00000000       0x6c D:/Programs/Runtimes/GCC/arm-none-eabi/bin/../lib/gcc/arm-none-eabi/15.2.1/../../../../arm-none-eabi/lib/thumb/v6-m/nofp\libc_nano.a(libc_a-findfp.o)
 .text.stdio_exit_handler
                0x00000000       0x1c D:/Programs/Runtimes/GCC/arm-none-eabi/bin/../lib/gcc/arm-none-eabi/15.2.1/../../../../arm-none-eabi/lib/thumb/v6-m/nofp\libc_nano.a(libc_a-findfp.o)
 .text.cleanup_stdio
                0x00000000       0x3c D:/Programs/Runtimes/GCC/arm-none-eabi/bin/../lib/gcc/arm-none-eabi/15.2.1/../../../../arm-none-eabi/lib/thumb/v6-m/nofp\libc_nano.a(libc_a-findfp.o)
 .text.__fp_lock
                0x00000000       0x18 D:/Programs/Runtimes/GCC/arm-none-eabi/bin/../lib/gcc/arm-none-eabi/15.2.1/../../../../arm-none-eabi/lib/thumb/v6-m/nofp\libc_nano.a(libc_a-findfp.o)
 .text.__fp_unlock
                0x00000000       0x18 D:/Programs/Runtimes/GCC/arm-none-eabi/bin/../lib/gcc/arm-none-eabi/15.2.1/../../../../arm-none-eabi/lib/thumb/v6-m/nofp\libc_nano.a(libc_a-findfp.o)
 .text.global_stdio_init.part.0
                0x00000000       0x3c D:/Programs/Runtimes/GCC/arm-none-eabi/bin/../lib/gcc/arm-none-eabi/15.2.1/../../../../arm-none-eabi/lib/thumb/v6-m/nofp\libc_nano.a(libc_a-findfp.o)
 .text.__sfp_lock_acquire
                0x00000000       0x10 D:/Programs/Runtimes/GCC/arm-none-eabi/bin/../lib/gcc/arm-none-eabi/15.2.1/../../../../arm-none-eabi/lib/thumb/v6-m/nofp\libc_nano.a(libc_a-findfp.o)
 .text.__sfp_lock_release
                0x00000000       0x10 D:/Programs/Runtimes/GCC/arm-none-eabi/bin/../lib/gcc/arm-none-eabi/15.2.1/../../../../arm-none-eabi/lib/thumb/v6-m/nofp\libc_nano.a(libc_a-findfp.o)
 .text.__sfp    0x00000000       0xac D:/Programs/Runtimes/GCC/arm-none-eabi/bin/../lib/gcc/arm-none-eabi/15.2.1/../../../../arm-none-eabi/lib/thumb/v6-m/nofp\libc_nano.a(libc_a-findfp.o)
 .text.__sinit  0x00000000       0x30 D:/Programs/Runtimes/GCC/arm-none-eabi/bin/../lib/gcc/arm-none-eabi/15.2.1/../../../../arm-none-eabi/lib/thumb/v6-m/nofp\libc_nano.a(libc_a-findfp.o)
 .text.__fp_lock_all
                0x00000000       0x1c D:/Programs/Runtimes/GCC/arm-none-eabi/bin/../lib/gcc/arm-none-eabi/15.2.1/../../../../arm-none-eabi/lib/thumb/v6-m/nofp\libc_nano.a(libc_a-findfp.o)
 .text.__fp_unlock_all
                0x00000000       0x1c D:/Programs/Runtimes/GCC/arm-none-eabi/bin/../lib/gcc/arm-none-eabi/15.2.1/../../../../arm-none-eabi/lib/thumb/v6-m/nofp\libc_nano.a(libc_a-findfp.o)
 .text._fwalk_sglue
                0x00000000       0x38 D:/Programs/Runtimes/GCC/arm-none-eabi/bin/../lib/gcc/arm-none-eabi/15.2.1/../../../../arm-none-eabi/lib/thumb/v6-m/nofp\libc_nano.a(libc_a-fwalk.o)
 .text.__sread  0x00000000       0x28 D:/Programs/Runtimes/GCC/arm-none-eabi/bin/../lib/gcc/arm-none-eabi/15.2.1/../../../../arm-none-eabi/lib/thumb/v6-m/nofp\libc_nano.a(libc_a-stdio.o)
 .text.__seofread
                0x00000000        0x4 D:/Programs/Runtimes/GCC/arm-none-eabi/bin/../lib/gcc/arm-none-eabi/15.2.1/../../../../arm-none-eabi/lib/thumb/v6-m/nofp\libc_nano.a(libc_a-stdio.o)
 .text.__swrite
                0x00000000       0x38 D:/Programs/Runtimes/GCC/arm-none-eabi/bin/../lib/gcc/arm-none-eabi/15.2.1/../../../../arm-none-eabi/lib/thumb/v6-m/nofp\libc_nano.a(libc_a-stdio.o)
 .text.__sseek  0x00000000       0x2c D:/Programs/Runtimes/GCC/arm-none-eabi/bin/../lib/gcc/arm-none-eabi/15.2.1/../../../../arm-none-eabi/lib/thumb/v6-m/nofp\libc_nano.a(libc_a-stdio.o)
 .text.__sclose
                0x00000000        0xc D:/Programs/Runtimes/GCC/arm-none-eabi/bin/../lib/gcc/arm-none-eabi/15.2.1/../../../../arm-none-eabi/lib/thumb/v6-m/nofp\libc_nano.a(libc_a-stdio.o)
 .text._close_r
                0x00000000       0x24 D:/Programs/Runtimes/GCC/arm-none-eabi/bin/../lib/gcc/arm-none-eabi/15.2.1/../../../../arm-none-eabi/lib/thumb/v6-m/nofp\libc_nano.a(libc_a-closer.o)
 .text._reclaim_reent
                0x00000000       0xd4 D:/Programs/Runtimes/GCC/arm-none-eabi/bin/../lib/gcc/arm-none-eabi/15.2.1/../../../../arm-none-eabi/lib/thumb/v6-m/nofp\libc_nano.a(libc_a-reent.o)
 .bss.errno     0x00000000        0x4 D:/Programs/Runtimes/GCC/arm-none-eabi/bin/../lib/gcc/arm-none-eabi/15.2.1/../../../../arm-none-eabi/lib/thumb/v6-m/nofp\libc_nano.a(libc_a-reent.o)
 .text._lseek_r
                0x00000000       0x28 D:/Programs/Runtimes/GCC/arm-none-eabi/bin/../lib/gcc/arm-none-eabi/15.2.1/../../../../arm-none-eabi/lib/thumb/v6-m/nofp\libc_nano.a(libc_a-lseekr.o)
 .text._read_r  0x00000000       0x28 D:/Programs/Runtimes/GCC/arm-none-eabi/bin/../lib/gcc/arm-none-eabi/15.2.1/../../../../arm-none-eabi/lib/thumb/v6-m/nofp\libc_nano.a(libc_a-readr.o)
 .text._write_r
                0x00000000       0x28 D:/Programs/Runtimes/GCC/arm-none-eabi/bin/../lib/gcc/arm-none-eabi/15.2.1/../../../../arm-none-eabi/lib/thumb/v6-m/nofp\libc_nano.a(libc_a-writer.o)
 .text.__retarget_lock_init
                0x00000000        0x2 D:/Programs/Runtimes/GCC/arm-none-eabi/bin/../lib/gcc/arm-none-eabi/15.2.1/../../../../arm-none-eabi/lib/thumb/v6-m/nofp\libc_nano.a(libc_a-lock.o)
 .text.__retarget_lock_init_recursive
                0x00000000        0x2 D:/Programs/Runtimes/GCC/arm-none-eabi/bin/../lib/gcc/arm-none-eabi/15.2.1/../../../../arm-none-eabi/lib/thumb/v6-m/nofp\libc_nano.a(libc_a-lock.o)
 .text.__retarget_lock_close
                0x00000000        0x2 D:/Programs/Runtimes/GCC/arm-none-eabi/bin/../lib/gcc/arm-none-eabi/15.2.1/../../../../arm-none-eabi/lib/thumb/v6-m/nofp\libc_nano.a(libc_a-lock.o)
 .text.__retarget_lock_close_recursive
                0x00000000        0x2 D:/Programs/Runtimes/GCC/arm-none-eabi/bin/../lib/gcc/arm-none-eabi/15.2.1/../../../../arm-none-eabi/lib/thumb/v6-m/nofp\libc_nano.a(libc_a-lock.o)
 .text.__retarget_lock_acquire
                0x00000000        0x2 D:/Programs/Runtimes/GCC/arm-none-eabi/bin/../lib/gcc/arm-none-eabi/15.2.1/../../../../arm-none-eabi/lib/thumb/v6-m/nofp\libc_nano.a(libc_a-lock.o)
 .text.__retarget_lock_acquire_recursive
                0x00000000        0x2 D:/Programs/Runtimes/GCC/arm-none-eabi/bin/../lib/gcc/arm-none-eabi/15.2.1/../../../../arm-none-eabi/lib/thumb/v6-m/nofp\libc_nano.a(libc_a-lock.o)
 .text.__retarget_lock_try_acquire
                0x00000000        0x4 D:/Programs/Runtimes/GCC/arm-none-eabi/bin/../lib/gcc/arm-none-eabi/15.2.1/../../../../arm-none-eabi/lib/thumb/v6-m/nofp\libc_nano.a(libc_a-lock.o)
 .text.__retarget_lock_try_acquire_recursive
                0x00000000        0x4 D:/Programs/Runtimes/GCC/arm-none-eabi/bin/../lib/gcc/arm-none-eabi/15.2.1/../../../../arm-none-eabi/lib/thumb/v6-m/nofp\libc_nano.a(libc_a-lock.o)
 .text.__retarget_lock_release
                0x00000000        0x2 D:/Programs/Runtimes/GCC/arm-none-eabi/bin/../lib/gcc/arm-none-eabi/15.2.1/../../../../arm-none-eabi/lib/thumb/v6-m/nofp\libc_nano.a(libc_a-lock.o)
 .text.__retarget_lock_release_recursive
                0x00000000        0x2 D:/Programs/Runtimes/GCC/arm-none-eabi/bin/../lib/gcc/arm-none-eabi/15.2.1/../../../../arm-none-eabi/lib/thumb/v6-m/nofp\libc_nano.a(libc_a-lock.o)
 .bss.__lock___arc4random_mutex
                0x00000000        0x1 D:/Programs/Runtimes/GCC/arm-none-eabi/bin/../lib/gcc/arm-none-eabi/15.2.1/../../../../arm-none-eabi/lib/thumb/v6-m/nofp\libc_nano.a(libc_a-lock.o)
 .bss.__lock___dd_hash_mutex
                0x00000000        0x1 D:/Programs/Runtimes/GCC/arm-none-eabi/bin/../lib/gcc/arm-none-eabi/15.2.1/../../../../arm-none-eabi/lib/thumb/v6-m/nofp\libc_nano.a(libc_a-lock.o)
 .bss.__lock___tz_mutex
                0x00000000        0x1 D:/Programs/Runtimes/GCC/arm-none-eabi/bin/../lib/gcc/arm-none-eabi/15.2.1/../../../../arm-none-eabi/lib/thumb/v6-m/nofp\libc_nano.a(libc_a-lock.o)
 .bss.__lock___env_recursive_mutex
                0x00000000        0x1 D:/Programs/Runtimes/GCC/arm-none-eabi/bin/../lib/gcc/arm-none-eabi/15.2.1/../../../../arm-none-eabi/lib/thumb/v6-m/nofp\libc_nano.a(libc_a-lock.o)
 .bss.__lock___malloc_recursive_mutex
                0x00000000        0x1 D:/Programs/Runtimes/GCC/arm-none-eabi/bin/../lib/gcc/arm-none-eabi/15.2.1/../../../../arm-none-eabi/lib/thumb/v6-m/nofp\libc_nano.a(libc_a-lock.o)
 .bss.__lock___at_quick_exit_mutex
                0x00000000        0x1 D:/Programs/Runtimes/GCC/arm-none-eabi/bin/../lib/gcc/arm-none-eabi/15.2.1/../../../../arm-none-eabi/lib/thumb/v6-m/nofp\libc_nano.a(libc_a-lock.o)
 .bss.__lock___atexit_recursive_mutex
                0x00000000        0x1 D:/Programs/Runtimes/GCC/arm-none-eabi/bin/../lib/gcc/arm-none-eabi/15.2.1/../../../../arm-none-eabi/lib/thumb/v6-m/nofp\libc_nano.a(libc_a-lock.o)
 .bss.__lock___sfp_recursive_mutex
                0x00000000        0x1 D:/Programs/Runtimes/GCC/arm-none-eabi/bin/../lib/gcc/arm-none-eabi/15.2.1/../../../../arm-none-eabi/lib/thumb/v6-m/nofp\libc_nano.a(libc_a-lock.o)
 .text._free_r  0x00000000       0x94 D:/Programs/Runtimes/GCC/arm-none-eabi/bin/../lib/gcc/arm-none-eabi/15.2.1/../../../../arm-none-eabi/lib/thumb/v6-m/nofp\libc_nano.a(libc_a-freer.o)
 .text.sbrk_aligned
                0x00000000       0x44 D:/Programs/Runtimes/GCC/arm-none-eabi/bin/../lib/gcc/arm-none-eabi/15.2.1/../../../../arm-none-eabi/lib/thumb/v6-m/nofp\libc_nano.a(libc_a-mallocr.o)
 .text._malloc_r
                0x00000000      0x100 D:/Programs/Runtimes/GCC/arm-none-eabi/bin/../lib/gcc/arm-none-eabi/15.2.1/../../../../arm-none-eabi/lib/thumb/v6-m/nofp\libc_nano.a(libc_a-mallocr.o)
 .bss.__malloc_sbrk_start
                0x00000000        0x4 D:/Programs/Runtimes/GCC/arm-none-eabi/bin/../lib/gcc/arm-none-eabi/15.2.1/../../../../arm-none-eabi/lib/thumb/v6-m/nofp\libc_nano.a(libc_a-mallocr.o)
 .bss.__malloc_free_list
                0x00000000        0x4 D:/Programs/Runtimes/GCC/arm-none-eabi/bin/../lib/gcc/arm-none-eabi/15.2.1/../../../../arm-none-eabi/lib/thumb/v6-m/nofp\libc_nano.a(libc_a-mallocr.o)
 .text.__malloc_lock
                0x00000000       0x10 D:/Programs/Runtimes/GCC/arm-none-eabi/bin/../lib/gcc/arm-none-eabi/15.2.1/../../../../arm-none-eabi/lib/thumb/v6-m/nofp\libc_nano.a(libc_a-mlock.o)
 .text.__malloc_unlock
                0x00000000       0x10 D:/Programs/Runtimes/GCC/arm-none-eabi/bin/../lib/gcc/arm-none-eabi/15.2.1/../../../../arm-none-eabi/lib/thumb/v6-m/nofp\libc_nano.a(libc_a-mlock.o)
 .text.__sflush_r
                0x00000000      0x10c D:/Programs/Runtimes/GCC/arm-none-eabi/bin/../lib/gcc/arm-none-eabi/15.2.1/../../../../arm-none-eabi/lib/thumb/v6-m/nofp\libc_nano.a(libc_a-fflush.o)
 .text._fflush_r
                0x00000000       0x56 D:/Programs/Runtimes/GCC/arm-none-eabi/bin/../lib/gcc/arm-none-eabi/15.2.1/../../../../arm-none-eabi/lib/thumb/v6-m/nofp\libc_nano.a(libc_a-fflush.o)
 .text.fflush   0x00000000       0x30 D:/Programs/Runtimes/GCC/arm-none-eabi/bin/../lib/gcc/arm-none-eabi/15.2.1/../../../../arm-none-eabi/lib/thumb/v6-m/nofp\libc_nano.a(libc_a-fflush.o)
 .text._sbrk_r  0x00000000       0x24 D:/Programs/Runtimes/GCC/arm-none-eabi/bin/../lib/gcc/arm-none-eabi/15.2.1/../../../../arm-none-eabi/lib/thumb/v6-m/nofp\libc_nano.a(libc_a-sbrkr.o)
 .text._close   0x00000000       0x10 D:/Programs/Runtimes/GCC/arm-none-eabi/bin/../lib/gcc/arm-none-eabi/15.2.1/../../../../arm-none-eabi/lib/thumb/v6-m/nofp\libnosys.a(close.o)
 .gnu.warning._close
                0x00000000        0x0 D:/Programs/Runtimes/GCC/arm-none-eabi/bin/../lib/gcc/arm-none-eabi/15.2.1/../../../../arm-none-eabi/lib/thumb/v6-m/nofp\libnosys.a(close.o)
 .text._lseek   0x00000000       0x10 D:/Programs/Runtimes/GCC/arm-none-eabi/bin/../lib/gcc/arm-none-eabi/15.2.1/../../../../arm-none-eabi/lib/thumb/v6-m/nofp\libnosys.a(lseek.o)
 .gnu.warning._lseek
                0x00000000        0x0 D:/Programs/Runtimes/GCC/arm-none-eabi/bin/../lib/gcc/arm-none-eabi/15.2.1/../../../../arm-none-eabi/lib/thumb/v6-m/nofp\libnosys.a(lseek.o)
 .text._read    0x00000000       0x10 D:/Programs/Runtimes/GCC/arm-none-eabi/bin/../lib/gcc/arm-none-eabi/15.2.1/../../../../arm-none-eabi/lib/thumb/v6-m/nofp\libnosys.a(read.o)
 .gnu.warning._read
                0x00000000        0x0 D:/Programs/Runtimes/GCC/arm-none-eabi/bin/../lib/gcc/arm-none-eabi/15.2.1/../../../../arm-none-eabi/lib/thumb/v6-m/nofp\libnosys.a(read.o)
 .text._sbrk    0x00000000       0x1c D:/Programs/Runtimes/GCC/arm-none-eabi/bin/../lib/gcc/arm-none-eabi/15.2.1/../../../../arm-none-eabi/lib/thumb/v6-m/nofp\libnosys.a(sbrk.o)
 .bss.heap_end.0
                0x00000000        0x4 D:/Programs/Runtimes/GCC/arm-none-eabi/bin/../lib/gcc/arm-none-eabi/15.2.1/../../../../arm-none-eabi/lib/thumb/v6-m/nofp\libnosys.a(sbrk.o)
 .text._write   0x00000000       0x10 D:/Programs/Runtimes/GCC/arm-none-eabi/bin/../lib/gcc/arm-none-eabi/15.2.1/../../../../arm-none-eabi/lib/thumb/v6-m/nofp\libnosys.a(write.o)
 .gnu.warning._write
                0x00000000        0x0 D:/Programs/Runtimes/GCC/arm-none-eabi/bin/../lib/gcc/arm-none-eabi/15.2.1/../../../../arm-none-eabi/lib/thumb/v6-m/nofp\libnosys.a(write.o)
 .rodata.all_implied_fbits
                0x00000000       0x24 D:/Programs/Runtimes/GCC/arm-none-eabi/bin/../lib/gcc/arm-none-eabi/15.2.1/thumb/v6-m/nofp/crtend.o
 .eh_frame      0x00000000        0x4 D:/Programs/Runtimes/GCC/arm-none-eabi/bin/../lib/gcc/arm-none-eabi/15.2.1/thumb/v6-m/nofp/crtend.o
 .text.DL_SYSCTL_setLFCLKSourceLFXT
                0x00000000       0x64 C:/Users/Tommy/Desktop/Codes/EMBEDD~1/TI/CMAKE_~1/Drivers\ti/driverlib/lib/gcc/m0p/mspm0g1x0x_g3x0x/driverlib.a(dl_sysctl_mspm0g1x0x_g3x0x.o)
 .text.DL_SYSCTL_switchMCLKfromSYSOSCtoLFCLK
                0x00000000       0x60 C:/Users/Tommy/Desktop/Codes/EMBEDD~1/TI/CMAKE_~1/Drivers\ti/driverlib/lib/gcc/m0p/mspm0g1x0x_g3x0x/driverlib.a(dl_sysctl_mspm0g1x0x_g3x0x.o)
 .text.DL_SYSCTL_switchMCLKfromLFCLKtoSYSOSC
                0x00000000       0x3c C:/Users/Tommy/Desktop/Codes/EMBEDD~1/TI/CMAKE_~1/Drivers\ti/driverlib/lib/gcc/m0p/mspm0g1x0x_g3x0x/driverlib.a(dl_sysctl_mspm0g1x0x_g3x0x.o)
 .text.DL_SYSCTL_switchMCLKfromHSCLKtoSYSOSC
                0x00000000       0x28 C:/Users/Tommy/Desktop/Codes/EMBEDD~1/TI/CMAKE_~1/Drivers\ti/driverlib/lib/gcc/m0p/mspm0g1x0x_g3x0x/driverlib.a(dl_sysctl_mspm0g1x0x_g3x0x.o)
 .text.DL_SYSCTL_setHFCLKSourceHFXT
                0x00000000       0x60 C:/Users/Tommy/Desktop/Codes/EMBEDD~1/TI/CMAKE_~1/Drivers\ti/driverlib/lib/gcc/m0p/mspm0g1x0x_g3x0x/driverlib.a(dl_sysctl_mspm0g1x0x_g3x0x.o)
 .text.DL_SYSCTL_setHFCLKSourceHFXTParams
                0x00000000       0x80 C:/Users/Tommy/Desktop/Codes/EMBEDD~1/TI/CMAKE_~1/Drivers\ti/driverlib/lib/gcc/m0p/mspm0g1x0x_g3x0x/driverlib.a(dl_sysctl_mspm0g1x0x_g3x0x.o)
 .text.DL_SYSCTL_getPowerPolicyRUNSLEEP
                0x00000000       0x38 C:/Users/Tommy/Desktop/Codes/EMBEDD~1/TI/CMAKE_~1/Drivers\ti/driverlib/lib/gcc/m0p/mspm0g1x0x_g3x0x/driverlib.a(dl_sysctl_mspm0g1x0x_g3x0x.o)
 .text.DL_SYSCTL_getPowerPolicySTOP
                0x00000000       0x3c C:/Users/Tommy/Desktop/Codes/EMBEDD~1/TI/CMAKE_~1/Drivers\ti/driverlib/lib/gcc/m0p/mspm0g1x0x_g3x0x/driverlib.a(dl_sysctl_mspm0g1x0x_g3x0x.o)
 .text.DL_SYSCTL_getPowerPolicySTANDBY
                0x00000000       0x30 C:/Users/Tommy/Desktop/Codes/EMBEDD~1/TI/CMAKE_~1/Drivers\ti/driverlib/lib/gcc/m0p/mspm0g1x0x_g3x0x/driverlib.a(dl_sysctl_mspm0g1x0x_g3x0x.o)

Memory Configuration

Name             Origin             Length             Attributes
FLASH            0x00000000         0x00020000         xr
SRAM             0x20200000         0x00008000         xrw
BCR_CONFIG       0x41c00000         0x000000ff         r
BSL_CONFIG       0x41c00100         0x00000080         r
*default*        0x00000000         0xffffffff

Linker script and memory map

LOAD D:/Programs/Runtimes/GCC/arm-none-eabi/bin/../lib/gcc/arm-none-eabi/15.2.1/thumb/v6-m/nofp/crti.o
LOAD D:/Programs/Runtimes/GCC/arm-none-eabi/bin/../lib/gcc/arm-none-eabi/15.2.1/thumb/v6-m/nofp/crtbegin.o
LOAD D:/Programs/Runtimes/GCC/arm-none-eabi/bin/../lib/gcc/arm-none-eabi/15.2.1/../../../../arm-none-eabi/lib/thumb/v6-m/nofp/crt0.o
LOAD CMakeFiles/CMake_Project.dir/Application/interrupt.c.obj
LOAD CMakeFiles/CMake_Project.dir/Application/main.c.obj
LOAD CMakeFiles/CMake_Project.dir/Core/Src/boot_config.c.obj
LOAD CMakeFiles/CMake_Project.dir/Core/Src/ti_msp_dl_config.c.obj
LOAD CMakeFiles/CMake_Project.dir/Core/Startup/startup_mspm0g350x_gcc.c.obj
LOAD D:/Programs/Runtimes/GCC/arm-none-eabi/bin/../lib/gcc/arm-none-eabi/15.2.1/thumb/v6-m/nofp\libgcc.a
LOAD D:/Programs/Runtimes/GCC/arm-none-eabi/bin/../lib/gcc/arm-none-eabi/15.2.1/../../../../arm-none-eabi/lib/thumb/v6-m/nofp\libc_nano.a
LOAD D:/Programs/Runtimes/GCC/arm-none-eabi/bin/../lib/gcc/arm-none-eabi/15.2.1/../../../../arm-none-eabi/lib/thumb/v6-m/nofp\libm.a
START GROUP
LOAD D:/Programs/Runtimes/GCC/arm-none-eabi/bin/../lib/gcc/arm-none-eabi/15.2.1/thumb/v6-m/nofp\libgcc.a
LOAD D:/Programs/Runtimes/GCC/arm-none-eabi/bin/../lib/gcc/arm-none-eabi/15.2.1/../../../../arm-none-eabi/lib/thumb/v6-m/nofp\libg_nano.a
LOAD D:/Programs/Runtimes/GCC/arm-none-eabi/bin/../lib/gcc/arm-none-eabi/15.2.1/../../../../arm-none-eabi/lib/thumb/v6-m/nofp\libc_nano.a
END GROUP
START GROUP
LOAD D:/Programs/Runtimes/GCC/arm-none-eabi/bin/../lib/gcc/arm-none-eabi/15.2.1/thumb/v6-m/nofp\libgcc.a
LOAD D:/Programs/Runtimes/GCC/arm-none-eabi/bin/../lib/gcc/arm-none-eabi/15.2.1/../../../../arm-none-eabi/lib/thumb/v6-m/nofp\libc_nano.a
LOAD D:/Programs/Runtimes/GCC/arm-none-eabi/bin/../lib/gcc/arm-none-eabi/15.2.1/../../../../arm-none-eabi/lib/thumb/v6-m/nofp\libnosys.a
END GROUP
START GROUP
LOAD D:/Programs/Runtimes/GCC/arm-none-eabi/bin/../lib/gcc/arm-none-eabi/15.2.1/thumb/v6-m/nofp\libgcc.a
LOAD D:/Programs/Runtimes/GCC/arm-none-eabi/bin/../lib/gcc/arm-none-eabi/15.2.1/../../../../arm-none-eabi/lib/thumb/v6-m/nofp\libc_nano.a
LOAD D:/Programs/Runtimes/GCC/arm-none-eabi/bin/../lib/gcc/arm-none-eabi/15.2.1/../../../../arm-none-eabi/lib/thumb/v6-m/nofp\libnosys.a
END GROUP
LOAD D:/Programs/Runtimes/GCC/arm-none-eabi/bin/../lib/gcc/arm-none-eabi/15.2.1/thumb/v6-m/nofp/crtend.o
LOAD D:/Programs/Runtimes/GCC/arm-none-eabi/bin/../lib/gcc/arm-none-eabi/15.2.1/thumb/v6-m/nofp/crtn.o
                0x00000000                        _Min_Heap_Size = 0x0
                0x00000080                        _Min_Stack_Size = 0x80
                0x00000000                        PROVIDE (_intvecs_base_address = DEFINED (_intvecs_base_address)?_intvecs_base_address:0x0)

.intvecs        0x00000000       0xc0
 *(.intvecs)
 .intvecs       0x00000000       0xc0 CMakeFiles/CMake_Project.dir/Core/Startup/startup_mspm0g350x_gcc.c.obj
                0x00000000                interruptVectors
                0x20200000                        PROVIDE (_vtable_base_address = DEFINED (_vtable_base_address)?_vtable_base_address:0x20200000)

.vtable
 *(.vtable)

.text           0x000000c0      0xa40
 CREATE_OBJECT_SYMBOLS
 *(.text)
 .text          0x000000c0        0x0 D:/Programs/Runtimes/GCC/arm-none-eabi/bin/../lib/gcc/arm-none-eabi/15.2.1/thumb/v6-m/nofp/crti.o
 .text          0x000000c0        0x0 D:/Programs/Runtimes/GCC/arm-none-eabi/bin/../lib/gcc/arm-none-eabi/15.2.1/thumb/v6-m/nofp/crtbegin.o
 .text          0x000000c0       0x80 D:/Programs/Runtimes/GCC/arm-none-eabi/bin/../lib/gcc/arm-none-eabi/15.2.1/../../../../arm-none-eabi/lib/thumb/v6-m/nofp/crt0.o
                0x000000c0                _stack_init
                0x000000cc                _start
                0x000000cc                _mainCRTStartup
 .text          0x00000140        0x0 CMakeFiles/CMake_Project.dir/Application/interrupt.c.obj
 .text          0x00000140        0x0 CMakeFiles/CMake_Project.dir/Application/main.c.obj
 .text          0x00000140        0x0 CMakeFiles/CMake_Project.dir/Core/Src/boot_config.c.obj
 .text          0x00000140        0x0 CMakeFiles/CMake_Project.dir/Core/Src/ti_msp_dl_config.c.obj
 .text          0x00000140        0x0 CMakeFiles/CMake_Project.dir/Core/Startup/startup_mspm0g350x_gcc.c.obj
 .text          0x00000140      0x114 D:/Programs/Runtimes/GCC/arm-none-eabi/bin/../lib/gcc/arm-none-eabi/15.2.1/thumb/v6-m/nofp\libgcc.a(_udivsi3.o)
                0x00000140                __aeabi_uidiv
                0x00000140                __udivsi3
                0x0000024c                __aeabi_uidivmod
 .text          0x00000254        0x4 D:/Programs/Runtimes/GCC/arm-none-eabi/bin/../lib/gcc/arm-none-eabi/15.2.1/thumb/v6-m/nofp\libgcc.a(_dvmd_tls.o)
                0x00000254                __aeabi_idiv0
                0x00000254                __aeabi_ldiv0
 .text          0x00000258        0x0 D:/Programs/Runtimes/GCC/arm-none-eabi/bin/../lib/gcc/arm-none-eabi/15.2.1/../../../../arm-none-eabi/lib/thumb/v6-m/nofp\libc_nano.a(libc_a-exit.o)
 .text          0x00000258        0x0 D:/Programs/Runtimes/GCC/arm-none-eabi/bin/../lib/gcc/arm-none-eabi/15.2.1/../../../../arm-none-eabi/lib/thumb/v6-m/nofp\libc_nano.a(libc_a-findfp.o)
 .text          0x00000258        0x0 D:/Programs/Runtimes/GCC/arm-none-eabi/bin/../lib/gcc/arm-none-eabi/15.2.1/../../../../arm-none-eabi/lib/thumb/v6-m/nofp\libc_nano.a(libc_a-fwalk.o)
 .text          0x00000258        0x0 D:/Programs/Runtimes/GCC/arm-none-eabi/bin/../lib/gcc/arm-none-eabi/15.2.1/../../../../arm-none-eabi/lib/thumb/v6-m/nofp\libc_nano.a(libc_a-stdio.o)
 .text          0x00000258        0x0 D:/Programs/Runtimes/GCC/arm-none-eabi/bin/../lib/gcc/arm-none-eabi/15.2.1/../../../../arm-none-eabi/lib/thumb/v6-m/nofp\libc_nano.a(libc_a-memset.o)
 .text          0x00000258        0x0 D:/Programs/Runtimes/GCC/arm-none-eabi/bin/../lib/gcc/arm-none-eabi/15.2.1/../../../../arm-none-eabi/lib/thumb/v6-m/nofp\libc_nano.a(libc_a-closer.o)
 .text          0x00000258        0x0 D:/Programs/Runtimes/GCC/arm-none-eabi/bin/../lib/gcc/arm-none-eabi/15.2.1/../../../../arm-none-eabi/lib/thumb/v6-m/nofp\libc_nano.a(libc_a-reent.o)
 .text          0x00000258        0x0 D:/Programs/Runtimes/GCC/arm-none-eabi/bin/../lib/gcc/arm-none-eabi/15.2.1/../../../../arm-none-eabi/lib/thumb/v6-m/nofp\libc_nano.a(libc_a-impure.o)
 .text          0x00000258        0x0 D:/Programs/Runtimes/GCC/arm-none-eabi/bin/../lib/gcc/arm-none-eabi/15.2.1/../../../../arm-none-eabi/lib/thumb/v6-m/nofp\libc_nano.a(libc_a-lseekr.o)
 .text          0x00000258        0x0 D:/Programs/Runtimes/GCC/arm-none-eabi/bin/../lib/gcc/arm-none-eabi/15.2.1/../../../../arm-none-eabi/lib/thumb/v6-m/nofp\libc_nano.a(libc_a-readr.o)
 .text          0x00000258        0x0 D:/Programs/Runtimes/GCC/arm-none-eabi/bin/../lib/gcc/arm-none-eabi/15.2.1/../../../../arm-none-eabi/lib/thumb/v6-m/nofp\libc_nano.a(libc_a-writer.o)
 .text          0x00000258        0x0 D:/Programs/Runtimes/GCC/arm-none-eabi/bin/../lib/gcc/arm-none-eabi/15.2.1/../../../../arm-none-eabi/lib/thumb/v6-m/nofp\libc_nano.a(libc_a-init.o)
 .text          0x00000258        0x0 D:/Programs/Runtimes/GCC/arm-none-eabi/bin/../lib/gcc/arm-none-eabi/15.2.1/../../../../arm-none-eabi/lib/thumb/v6-m/nofp\libc_nano.a(libc_a-lock.o)
 .text          0x00000258        0x0 D:/Programs/Runtimes/GCC/arm-none-eabi/bin/../lib/gcc/arm-none-eabi/15.2.1/../../../../arm-none-eabi/lib/thumb/v6-m/nofp\libc_nano.a(libc_a-memcpy-stub.o)
 .text          0x00000258        0x0 D:/Programs/Runtimes/GCC/arm-none-eabi/bin/../lib/gcc/arm-none-eabi/15.2.1/../../../../arm-none-eabi/lib/thumb/v6-m/nofp\libc_nano.a(libc_a-freer.o)
 .text          0x00000258        0x0 D:/Programs/Runtimes/GCC/arm-none-eabi/bin/../lib/gcc/arm-none-eabi/15.2.1/../../../../arm-none-eabi/lib/thumb/v6-m/nofp\libc_nano.a(libc_a-mallocr.o)
 .text          0x00000258        0x0 D:/Programs/Runtimes/GCC/arm-none-eabi/bin/../lib/gcc/arm-none-eabi/15.2.1/../../../../arm-none-eabi/lib/thumb/v6-m/nofp\libc_nano.a(libc_a-mlock.o)
 .text          0x00000258        0x0 D:/Programs/Runtimes/GCC/arm-none-eabi/bin/../lib/gcc/arm-none-eabi/15.2.1/../../../../arm-none-eabi/lib/thumb/v6-m/nofp\libc_nano.a(libc_a-fflush.o)
 .text          0x00000258        0x0 D:/Programs/Runtimes/GCC/arm-none-eabi/bin/../lib/gcc/arm-none-eabi/15.2.1/../../../../arm-none-eabi/lib/thumb/v6-m/nofp\libc_nano.a(libc_a-sbrkr.o)
 .text          0x00000258        0x0 D:/Programs/Runtimes/GCC/arm-none-eabi/bin/../lib/gcc/arm-none-eabi/15.2.1/../../../../arm-none-eabi/lib/thumb/v6-m/nofp\libnosys.a(close.o)
 .text          0x00000258        0x0 D:/Programs/Runtimes/GCC/arm-none-eabi/bin/../lib/gcc/arm-none-eabi/15.2.1/../../../../arm-none-eabi/lib/thumb/v6-m/nofp\libnosys.a(lseek.o)
 .text          0x00000258        0x0 D:/Programs/Runtimes/GCC/arm-none-eabi/bin/../lib/gcc/arm-none-eabi/15.2.1/../../../../arm-none-eabi/lib/thumb/v6-m/nofp\libnosys.a(read.o)
 .text          0x00000258        0x0 D:/Programs/Runtimes/GCC/arm-none-eabi/bin/../lib/gcc/arm-none-eabi/15.2.1/../../../../arm-none-eabi/lib/thumb/v6-m/nofp\libnosys.a(sbrk.o)
 .text          0x00000258        0x0 D:/Programs/Runtimes/GCC/arm-none-eabi/bin/../lib/gcc/arm-none-eabi/15.2.1/../../../../arm-none-eabi/lib/thumb/v6-m/nofp\libnosys.a(write.o)
 .text          0x00000258        0x0 D:/Programs/Runtimes/GCC/arm-none-eabi/bin/../lib/gcc/arm-none-eabi/15.2.1/../../../../arm-none-eabi/lib/thumb/v6-m/nofp\libnosys.a(_exit.o)
 .text          0x00000258        0x0 D:/Programs/Runtimes/GCC/arm-none-eabi/bin/../lib/gcc/arm-none-eabi/15.2.1/thumb/v6-m/nofp/crtend.o
 .text          0x00000258        0x0 D:/Programs/Runtimes/GCC/arm-none-eabi/bin/../lib/gcc/arm-none-eabi/15.2.1/thumb/v6-m/nofp/crtn.o
 .text          0x00000258        0x0 C:/Users/Tommy/Desktop/Codes/EMBEDD~1/TI/CMAKE_~1/Drivers\ti/driverlib/lib/gcc/m0p/mspm0g1x0x_g3x0x/driverlib.a(dl_common.o)
 .text          0x00000258        0x0 C:/Users/Tommy/Desktop/Codes/EMBEDD~1/TI/CMAKE_~1/Drivers\ti/driverlib/lib/gcc/m0p/mspm0g1x0x_g3x0x/driverlib.a(dl_sysctl_mspm0g1x0x_g3x0x.o)
                0x00000258                        . = ALIGN (0x8)
 *(.text.*)
 .text.deregister_tm_clones
                0x00000258       0x20 D:/Programs/Runtimes/GCC/arm-none-eabi/bin/../lib/gcc/arm-none-eabi/15.2.1/thumb/v6-m/nofp/crtbegin.o
 .text.register_tm_clones
                0x00000278       0x28 D:/Programs/Runtimes/GCC/arm-none-eabi/bin/../lib/gcc/arm-none-eabi/15.2.1/thumb/v6-m/nofp/crtbegin.o
 .text.__do_global_dtors_aux
                0x000002a0       0x2c D:/Programs/Runtimes/GCC/arm-none-eabi/bin/../lib/gcc/arm-none-eabi/15.2.1/thumb/v6-m/nofp/crtbegin.o
 .text.frame_dummy
                0x000002cc       0x24 D:/Programs/Runtimes/GCC/arm-none-eabi/bin/../lib/gcc/arm-none-eabi/15.2.1/thumb/v6-m/nofp/crtbegin.o
 .text.main     0x000002f0       0x18 CMakeFiles/CMake_Project.dir/Application/main.c.obj
                0x000002f0                main
 .text.DL_Common_updateReg
                0x00000308       0x32 CMakeFiles/CMake_Project.dir/Core/Src/ti_msp_dl_config.c.obj
 *fill*         0x0000033a        0x2 
 .text.DL_SYSCTL_setBORThreshold
                0x0000033c       0x28 CMakeFiles/CMake_Project.dir/Core/Src/ti_msp_dl_config.c.obj
 .text.DL_SYSCTL_setSYSOSCFreq
                0x00000364       0x2c CMakeFiles/CMake_Project.dir/Core/Src/ti_msp_dl_config.c.obj
 .text.DL_SYSCTL_getClockStatus
                0x00000390       0x18 CMakeFiles/CMake_Project.dir/Core/Src/ti_msp_dl_config.c.obj
 .text.DL_SYSCTL_enableSYSPLL
                0x000003a8       0x24 CMakeFiles/CMake_Project.dir/Core/Src/ti_msp_dl_config.c.obj
 .text.DL_SYSCTL_setULPCLKDivider
                0x000003cc       0x30 CMakeFiles/CMake_Project.dir/Core/Src/ti_msp_dl_config.c.obj
 .text.DL_SYSCTL_disableSYSPLL
                0x000003fc       0x28 CMakeFiles/CMake_Project.dir/Core/Src/ti_msp_dl_config.c.obj
 .text.DL_SYSCTL_setFlashWaitState
                0x00000424       0x30 CMakeFiles/CMake_Project.dir/Core/Src/ti_msp_dl_config.c.obj
 .text.DL_SYSCTL_readFCC
                0x00000454       0x18 CMakeFiles/CMake_Project.dir/Core/Src/ti_msp_dl_config.c.obj
 .text.DL_SYSCTL_startFCC
                0x0000046c       0x20 CMakeFiles/CMake_Project.dir/Core/Src/ti_msp_dl_config.c.obj
 .text.DL_SYSCTL_isFCCDone
                0x0000048c       0x1c CMakeFiles/CMake_Project.dir/Core/Src/ti_msp_dl_config.c.obj
 .text.DL_SYSCTL_setFCCPeriods
                0x000004a8       0x2c CMakeFiles/CMake_Project.dir/Core/Src/ti_msp_dl_config.c.obj
 .text.DL_GPIO_enablePower
                0x000004d4       0x20 CMakeFiles/CMake_Project.dir/Core/Src/ti_msp_dl_config.c.obj
 .text.DL_GPIO_reset
                0x000004f4       0x20 CMakeFiles/CMake_Project.dir/Core/Src/ti_msp_dl_config.c.obj
 .text.DL_GPIO_initDigitalOutput
                0x00000514       0x24 CMakeFiles/CMake_Project.dir/Core/Src/ti_msp_dl_config.c.obj
 .text.DL_GPIO_initDigitalInputFeatures
                0x00000538       0x64 CMakeFiles/CMake_Project.dir/Core/Src/ti_msp_dl_config.c.obj
 .text.DL_GPIO_clearPins
                0x0000059c       0x1c CMakeFiles/CMake_Project.dir/Core/Src/ti_msp_dl_config.c.obj
 .text.DL_GPIO_enableOutput
                0x000005b8       0x20 CMakeFiles/CMake_Project.dir/Core/Src/ti_msp_dl_config.c.obj
 .text.DL_GPIO_enableGlobalFastWake
                0x000005d8       0x26 CMakeFiles/CMake_Project.dir/Core/Src/ti_msp_dl_config.c.obj
 .text.SYSCFG_DL_init
                0x000005fe       0x16 CMakeFiles/CMake_Project.dir/Core/Src/ti_msp_dl_config.c.obj
                0x000005fe                SYSCFG_DL_init
 .text.SYSCFG_DL_initPower
                0x00000614       0x38 CMakeFiles/CMake_Project.dir/Core/Src/ti_msp_dl_config.c.obj
                0x00000614                SYSCFG_DL_initPower
 .text.SYSCFG_DL_GPIO_init
                0x0000064c       0x84 CMakeFiles/CMake_Project.dir/Core/Src/ti_msp_dl_config.c.obj
                0x0000064c                SYSCFG_DL_GPIO_init
 .text.SYSCFG_DL_SYSCTL_SYSPLL_init
                0x000006d0       0xf8 CMakeFiles/CMake_Project.dir/Core/Src/ti_msp_dl_config.c.obj
                0x000006d0                SYSCFG_DL_SYSCTL_SYSPLL_init
 .text.SYSCFG_DL_SYSCTL_init
                0x000007c8       0x6c CMakeFiles/CMake_Project.dir/Core/Src/ti_msp_dl_config.c.obj
                0x000007c8                SYSCFG_DL_SYSCTL_init
 .text.Reset_Handler
                0x00000834       0x9c CMakeFiles/CMake_Project.dir/Core/Startup/startup_mspm0g350x_gcc.c.obj
                0x00000834                Reset_Handler
 .text.Default_Handler
                0x000008d0        0x8 CMakeFiles/CMake_Project.dir/Core/Startup/startup_mspm0g350x_gcc.c.obj
                0x000008d0                TIMG6_IRQHandler
                0x000008d0                TIMG8_IRQHandler
                0x000008d0                I2C0_IRQHandler
                0x000008d0                HardFault_Handler
                0x000008d0                SysTick_Handler
                0x000008d0                PendSV_Handler
                0x000008d0                NMI_Handler
                0x000008d0                I2C1_IRQHandler
                0x000008d0                UART1_IRQHandler
                0x000008d0                TIMA1_IRQHandler
                0x000008d0                UART0_IRQHandler
                0x000008d0                ADC0_IRQHandler
                0x000008d0                SPI1_IRQHandler
                0x000008d0                TIMG0_IRQHandler
                0x000008d0                ADC1_IRQHandler
                0x000008d0                GROUP1_IRQHandler
                0x000008d0                RTC_IRQHandler
                0x000008d0                GROUP0_IRQHandler
                0x000008d0                UART2_IRQHandler
                0x000008d0                Default_Handler
                0x000008d0                SVC_Handler
                0x000008d0                TIMG12_IRQHandler
                0x000008d0                DAC0_IRQHandler
                0x000008d0                TIMG7_IRQHandler
                0x000008d0                SPI0_IRQHandler
                0x000008d0                AES_IRQHandler
                0x000008d0                DMA_IRQHandler
                0x000008d0                TIMA0_IRQHandler
                0x000008d0                UART3_IRQHandler
                0x000008d0                CANFD0_IRQHandler
 .text.exit     0x000008d8       0x28 D:/Programs/Runtimes/GCC/arm-none-eabi/bin/../lib/gcc/arm-none-eabi/15.2.1/../../../../arm-none-eabi/lib/thumb/v6-m/nofp\libc_nano.a(libc_a-exit.o)
                0x000008d8                exit
 .text.memset   0x00000900       0x10 D:/Programs/Runtimes/GCC/arm-none-eabi/bin/../lib/gcc/arm-none-eabi/15.2.1/../../../../arm-none-eabi/lib/thumb/v6-m/nofp\libc_nano.a(libc_a-memset.o)
                0x00000900                memset
 .text.__libc_init_array
                0x00000910       0x48 D:/Programs/Runtimes/GCC/arm-none-eabi/bin/../lib/gcc/arm-none-eabi/15.2.1/../../../../arm-none-eabi/lib/thumb/v6-m/nofp\libc_nano.a(libc_a-init.o)
                0x00000910                __libc_init_array
 .text.memcpy   0x00000958       0x12 D:/Programs/Runtimes/GCC/arm-none-eabi/bin/../lib/gcc/arm-none-eabi/15.2.1/../../../../arm-none-eabi/lib/thumb/v6-m/nofp\libc_nano.a(libc_a-memcpy-stub.o)
                0x00000958                memcpy
 *fill*         0x0000096a        0x2 
 .text._exit    0x0000096c        0x4 D:/Programs/Runtimes/GCC/arm-none-eabi/bin/../lib/gcc/arm-none-eabi/15.2.1/../../../../arm-none-eabi/lib/thumb/v6-m/nofp\libnosys.a(_exit.o)
                0x0000096c                _exit
 .text.DL_Common_delayCycles
                0x00000970        0xc C:/Users/Tommy/Desktop/Codes/EMBEDD~1/TI/CMAKE_~1/Drivers\ti/driverlib/lib/gcc/m0p/mspm0g1x0x_g3x0x/driverlib.a(dl_common.o)
                0x00000970                DL_Common_delayCycles
 .text.DL_SYSCTL_configSYSPLL
                0x0000097c      0x10c C:/Users/Tommy/Desktop/Codes/EMBEDD~1/TI/CMAKE_~1/Drivers\ti/driverlib/lib/gcc/m0p/mspm0g1x0x_g3x0x/driverlib.a(dl_sysctl_mspm0g1x0x_g3x0x.o)
                0x0000097c                DL_SYSCTL_configSYSPLL
 .text.DL_SYSCTL_switchMCLKfromSYSOSCtoHSCLK
                0x00000a88       0x3c C:/Users/Tommy/Desktop/Codes/EMBEDD~1/TI/CMAKE_~1/Drivers\ti/driverlib/lib/gcc/m0p/mspm0g1x0x_g3x0x/driverlib.a(dl_sysctl_mspm0g1x0x_g3x0x.o)
                0x00000a88                DL_SYSCTL_switchMCLKfromSYSOSCtoHSCLK
 .text.DL_SYSCTL_configFCC
                0x00000ac4       0x1c C:/Users/Tommy/Desktop/Codes/EMBEDD~1/TI/CMAKE_~1/Drivers\ti/driverlib/lib/gcc/m0p/mspm0g1x0x_g3x0x/driverlib.a(dl_sysctl_mspm0g1x0x_g3x0x.o)
                0x00000ac4                DL_SYSCTL_configFCC
                0x00000ae0                        . = ALIGN (0x8)
 *(.ctors)
                0x00000ae0                        . = ALIGN (0x8)
 *(.dtors)
                0x00000ae0                        . = ALIGN (0x8)
 *(.init)
 .init          0x00000ae0        0x4 D:/Programs/Runtimes/GCC/arm-none-eabi/bin/../lib/gcc/arm-none-eabi/15.2.1/thumb/v6-m/nofp/crti.o
                0x00000ae0                _init
 .init          0x00000ae4        0x8 D:/Programs/Runtimes/GCC/arm-none-eabi/bin/../lib/gcc/arm-none-eabi/15.2.1/thumb/v6-m/nofp/crtn.o
                0x00000af0                        . = ALIGN (0x8)
 *fill*         0x00000aec        0x4 
 *(.fini*)
 .fini          0x00000af0        0x4 D:/Programs/Runtimes/GCC/arm-none-eabi/bin/../lib/gcc/arm-none-eabi/15.2.1/thumb/v6-m/nofp/crti.o
                0x00000af0                _fini
 .fini_array    0x00000af4        0x4 D:/Programs/Runtimes/GCC/arm-none-eabi/bin/../lib/gcc/arm-none-eabi/15.2.1/thumb/v6-m/nofp/crtbegin.o
 .fini          0x00000af8        0x8 D:/Programs/Runtimes/GCC/arm-none-eabi/bin/../lib/gcc/arm-none-eabi/15.2.1/thumb/v6-m/nofp/crtn.o
                0x00000b00                        . = ALIGN (0x8)

.glue_7         0x00000b00        0x0
 .glue_7        0x00000b00        0x0 linker stubs

.glue_7t        0x00000b00        0x0
 .glue_7t       0x00000b00        0x0 linker stubs

.vfp11_veneer   0x00000b00        0x0
 .vfp11_veneer  0x00000b00        0x0 linker stubs

.v4_bx          0x00000b00        0x0
 .v4_bx         0x00000b00        0x0 linker stubs

.iplt           0x00000b00        0x0
 .iplt          0x00000b00        0x0 D:/Programs/Runtimes/GCC/arm-none-eabi/bin/../lib/gcc/arm-none-eabi/15.2.1/thumb/v6-m/nofp/crtbegin.o

.ramfunc        0x20200000        0x0 load address 0x00000b00
                0x00000b00                        __ramfunct_load__ = LOADADDR (.ramfunc)
                0x20200000                        __ramfunct_start__ = .
 *(.ramfunc)
                0x20200000                        . = ALIGN (0x8)
                0x20200000                        __ramfunct_end__ = .

.rodata         0x00000b00       0x68
 *(.rodata)
 .rodata        0x00000b00       0x39 CMakeFiles/CMake_Project.dir/Core/Src/ti_msp_dl_config.c.obj
                0x00000b40                        . = ALIGN (0x8)
 *fill*         0x00000b39        0x7 
 *(.rodata.*)
 .rodata.gSYSPLLConfig
                0x00000b40       0x28 CMakeFiles/CMake_Project.dir/Core/Src/ti_msp_dl_config.c.obj
                0x00000b68                        . = ALIGN (0x8)

.eh_frame       0x00000b68        0x0
 .eh_frame      0x00000b68        0x0 D:/Programs/Runtimes/GCC/arm-none-eabi/bin/../lib/gcc/arm-none-eabi/15.2.1/thumb/v6-m/nofp/crtbegin.o

.preinit_array  0x00000b68        0x0
                0x00000b68                        PROVIDE (__preinit_array_start = .)
 *(.preinit_array*)
                0x00000b68                        PROVIDE (__preinit_array_end = .)

.init_array     0x00000b68        0x4
                0x00000b68                        . = ALIGN (0x8)
                0x00000b68                        PROVIDE (__init_array_start = .)
 *(SORT_BY_NAME(.init_array.*))
 *(.init_array*)
 .init_array    0x00000b68        0x4 D:/Programs/Runtimes/GCC/arm-none-eabi/bin/../lib/gcc/arm-none-eabi/15.2.1/thumb/v6-m/nofp/crtbegin.o
                0x00000b6c                        PROVIDE (__init_array_end = .)

.fini_array     0x00000b6c        0x4
                0x00000b70                        . = ALIGN (0x8)
 *fill*         0x00000b6c        0x4 
                [!provide]                        PROVIDE (__fini_array_start = .)
 *(SORT_BY_NAME(.fini_array.*))
 *(.fini_array*)
                [!provide]                        PROVIDE (__fini_array_end = .)
                0x00000b70                        . = ALIGN (0x8)

.ARM.exidx      0x00000b70        0x8
                0x00000b70                        __exidx_start = .
 *(.ARM.exidx* .gnu.linkonce.armexidx.*)
 .ARM.exidx     0x00000b70        0x8 D:/Programs/Runtimes/GCC/arm-none-eabi/bin/../lib/gcc/arm-none-eabi/15.2.1/../../../../arm-none-eabi/lib/thumb/v6-m/nofp/crt0.o
                                 0x10 (size before relaxing)
                0x00000b78                        __exidx_end = .

.ARM.extab      0x00000b78        0x0
                0x00000b78                        . = ALIGN (0x8)
 *(.ARM.extab* .gnu.linkonce.armextab.*)
 .ARM.extab     0x00000b78        0x0 D:/Programs/Runtimes/GCC/arm-none-eabi/bin/../lib/gcc/arm-none-eabi/15.2.1/../../../../arm-none-eabi/lib/thumb/v6-m/nofp/crt0.o
                0x00000b78                        . = ALIGN (0x8)
                0x00000b78                        __etext = .

.data           0x20200000       0x60 load address 0x00000b78
                0x00000b78                        __data_load__ = LOADADDR (.data)
                0x20200000                        __data_start__ = .
 *(.data)
 .data          0x20200000        0x0 D:/Programs/Runtimes/GCC/arm-none-eabi/bin/../lib/gcc/arm-none-eabi/15.2.1/thumb/v6-m/nofp/crti.o
 .data          0x20200000        0x0 D:/Programs/Runtimes/GCC/arm-none-eabi/bin/../lib/gcc/arm-none-eabi/15.2.1/thumb/v6-m/nofp/crtbegin.o
 .data          0x20200000        0x0 D:/Programs/Runtimes/GCC/arm-none-eabi/bin/../lib/gcc/arm-none-eabi/15.2.1/../../../../arm-none-eabi/lib/thumb/v6-m/nofp/crt0.o
 .data          0x20200000        0x0 CMakeFiles/CMake_Project.dir/Application/interrupt.c.obj
 .data          0x20200000        0x0 CMakeFiles/CMake_Project.dir/Application/main.c.obj
 .data          0x20200000        0x0 CMakeFiles/CMake_Project.dir/Core/Src/boot_config.c.obj
 .data          0x20200000        0x0 CMakeFiles/CMake_Project.dir/Core/Src/ti_msp_dl_config.c.obj
 .data          0x20200000        0x0 CMakeFiles/CMake_Project.dir/Core/Startup/startup_mspm0g350x_gcc.c.obj
 .data          0x20200000        0x0 D:/Programs/Runtimes/GCC/arm-none-eabi/bin/../lib/gcc/arm-none-eabi/15.2.1/thumb/v6-m/nofp\libgcc.a(_udivsi3.o)
 .data          0x20200000        0x0 D:/Programs/Runtimes/GCC/arm-none-eabi/bin/../lib/gcc/arm-none-eabi/15.2.1/thumb/v6-m/nofp\libgcc.a(_dvmd_tls.o)
 .data          0x20200000        0x0 D:/Programs/Runtimes/GCC/arm-none-eabi/bin/../lib/gcc/arm-none-eabi/15.2.1/../../../../arm-none-eabi/lib/thumb/v6-m/nofp\libc_nano.a(libc_a-exit.o)
 .data          0x20200000        0x0 D:/Programs/Runtimes/GCC/arm-none-eabi/bin/../lib/gcc/arm-none-eabi/15.2.1/../../../../arm-none-eabi/lib/thumb/v6-m/nofp\libc_nano.a(libc_a-findfp.o)
 .data          0x20200000        0x0 D:/Programs/Runtimes/GCC/arm-none-eabi/bin/../lib/gcc/arm-none-eabi/15.2.1/../../../../arm-none-eabi/lib/thumb/v6-m/nofp\libc_nano.a(libc_a-fwalk.o)
 .data          0x20200000        0x0 D:/Programs/Runtimes/GCC/arm-none-eabi/bin/../lib/gcc/arm-none-eabi/15.2.1/../../../../arm-none-eabi/lib/thumb/v6-m/nofp\libc_nano.a(libc_a-stdio.o)
 .data          0x20200000        0x0 D:/Programs/Runtimes/GCC/arm-none-eabi/bin/../lib/gcc/arm-none-eabi/15.2.1/../../../../arm-none-eabi/lib/thumb/v6-m/nofp\libc_nano.a(libc_a-memset.o)
 .data          0x20200000        0x0 D:/Programs/Runtimes/GCC/arm-none-eabi/bin/../lib/gcc/arm-none-eabi/15.2.1/../../../../arm-none-eabi/lib/thumb/v6-m/nofp\libc_nano.a(libc_a-closer.o)
 .data          0x20200000        0x0 D:/Programs/Runtimes/GCC/arm-none-eabi/bin/../lib/gcc/arm-none-eabi/15.2.1/../../../../arm-none-eabi/lib/thumb/v6-m/nofp\libc_nano.a(libc_a-reent.o)
 .data          0x20200000        0x0 D:/Programs/Runtimes/GCC/arm-none-eabi/bin/../lib/gcc/arm-none-eabi/15.2.1/../../../../arm-none-eabi/lib/thumb/v6-m/nofp\libc_nano.a(libc_a-impure.o)
 .data          0x20200000        0x0 D:/Programs/Runtimes/GCC/arm-none-eabi/bin/../lib/gcc/arm-none-eabi/15.2.1/../../../../arm-none-eabi/lib/thumb/v6-m/nofp\libc_nano.a(libc_a-lseekr.o)
 .data          0x20200000        0x0 D:/Programs/Runtimes/GCC/arm-none-eabi/bin/../lib/gcc/arm-none-eabi/15.2.1/../../../../arm-none-eabi/lib/thumb/v6-m/nofp\libc_nano.a(libc_a-readr.o)
 .data          0x20200000        0x0 D:/Programs/Runtimes/GCC/arm-none-eabi/bin/../lib/gcc/arm-none-eabi/15.2.1/../../../../arm-none-eabi/lib/thumb/v6-m/nofp\libc_nano.a(libc_a-writer.o)
 .data          0x20200000        0x0 D:/Programs/Runtimes/GCC/arm-none-eabi/bin/../lib/gcc/arm-none-eabi/15.2.1/../../../../arm-none-eabi/lib/thumb/v6-m/nofp\libc_nano.a(libc_a-init.o)
 .data          0x20200000        0x0 D:/Programs/Runtimes/GCC/arm-none-eabi/bin/../lib/gcc/arm-none-eabi/15.2.1/../../../../arm-none-eabi/lib/thumb/v6-m/nofp\libc_nano.a(libc_a-lock.o)
 .data          0x20200000        0x0 D:/Programs/Runtimes/GCC/arm-none-eabi/bin/../lib/gcc/arm-none-eabi/15.2.1/../../../../arm-none-eabi/lib/thumb/v6-m/nofp\libc_nano.a(libc_a-memcpy-stub.o)
 .data          0x20200000        0x0 D:/Programs/Runtimes/GCC/arm-none-eabi/bin/../lib/gcc/arm-none-eabi/15.2.1/../../../../arm-none-eabi/lib/thumb/v6-m/nofp\libc_nano.a(libc_a-freer.o)
 .data          0x20200000        0x0 D:/Programs/Runtimes/GCC/arm-none-eabi/bin/../lib/gcc/arm-none-eabi/15.2.1/../../../../arm-none-eabi/lib/thumb/v6-m/nofp\libc_nano.a(libc_a-mallocr.o)
 .data          0x20200000        0x0 D:/Programs/Runtimes/GCC/arm-none-eabi/bin/../lib/gcc/arm-none-eabi/15.2.1/../../../../arm-none-eabi/lib/thumb/v6-m/nofp\libc_nano.a(libc_a-mlock.o)
 .data          0x20200000        0x0 D:/Programs/Runtimes/GCC/arm-none-eabi/bin/../lib/gcc/arm-none-eabi/15.2.1/../../../../arm-none-eabi/lib/thumb/v6-m/nofp\libc_nano.a(libc_a-fflush.o)
 .data          0x20200000        0x0 D:/Programs/Runtimes/GCC/arm-none-eabi/bin/../lib/gcc/arm-none-eabi/15.2.1/../../../../arm-none-eabi/lib/thumb/v6-m/nofp\libc_nano.a(libc_a-sbrkr.o)
 .data          0x20200000        0x0 D:/Programs/Runtimes/GCC/arm-none-eabi/bin/../lib/gcc/arm-none-eabi/15.2.1/../../../../arm-none-eabi/lib/thumb/v6-m/nofp\libnosys.a(close.o)
 .data          0x20200000        0x0 D:/Programs/Runtimes/GCC/arm-none-eabi/bin/../lib/gcc/arm-none-eabi/15.2.1/../../../../arm-none-eabi/lib/thumb/v6-m/nofp\libnosys.a(lseek.o)
 .data          0x20200000        0x0 D:/Programs/Runtimes/GCC/arm-none-eabi/bin/../lib/gcc/arm-none-eabi/15.2.1/../../../../arm-none-eabi/lib/thumb/v6-m/nofp\libnosys.a(read.o)
 .data          0x20200000        0x0 D:/Programs/Runtimes/GCC/arm-none-eabi/bin/../lib/gcc/arm-none-eabi/15.2.1/../../../../arm-none-eabi/lib/thumb/v6-m/nofp\libnosys.a(sbrk.o)
 .data          0x20200000        0x0 D:/Programs/Runtimes/GCC/arm-none-eabi/bin/../lib/gcc/arm-none-eabi/15.2.1/../../../../arm-none-eabi/lib/thumb/v6-m/nofp\libnosys.a(write.o)
 .data          0x20200000        0x0 D:/Programs/Runtimes/GCC/arm-none-eabi/bin/../lib/gcc/arm-none-eabi/15.2.1/../../../../arm-none-eabi/lib/thumb/v6-m/nofp\libnosys.a(_exit.o)
 .data          0x20200000        0x0 D:/Programs/Runtimes/GCC/arm-none-eabi/bin/../lib/gcc/arm-none-eabi/15.2.1/thumb/v6-m/nofp/crtend.o
 .data          0x20200000        0x0 D:/Programs/Runtimes/GCC/arm-none-eabi/bin/../lib/gcc/arm-none-eabi/15.2.1/thumb/v6-m/nofp/crtn.o
 .data          0x20200000        0x0 C:/Users/Tommy/Desktop/Codes/EMBEDD~1/TI/CMAKE_~1/Drivers\ti/driverlib/lib/gcc/m0p/mspm0g1x0x_g3x0x/driverlib.a(dl_common.o)
 .data          0x20200000        0x0 C:/Users/Tommy/Desktop/Codes/EMBEDD~1/TI/CMAKE_~1/Drivers\ti/driverlib/lib/gcc/m0p/mspm0g1x0x_g3x0x/driverlib.a(dl_sysctl_mspm0g1x0x_g3x0x.o)
 *(.data*)
 .data.__dso_handle
                0x20200000        0x4 D:/Programs/Runtimes/GCC/arm-none-eabi/bin/../lib/gcc/arm-none-eabi/15.2.1/thumb/v6-m/nofp/crtbegin.o
                0x20200000                __dso_handle
 .data.__sglue  0x20200004        0xc D:/Programs/Runtimes/GCC/arm-none-eabi/bin/../lib/gcc/arm-none-eabi/15.2.1/../../../../arm-none-eabi/lib/thumb/v6-m/nofp\libc_nano.a(libc_a-findfp.o)
                0x20200004                __sglue
 .data._impure_ptr
                0x20200010        0x4 D:/Programs/Runtimes/GCC/arm-none-eabi/bin/../lib/gcc/arm-none-eabi/15.2.1/../../../../arm-none-eabi/lib/thumb/v6-m/nofp\libc_nano.a(libc_a-impure.o)
                0x20200010                _impure_ptr
 .data._impure_data
                0x20200014       0x4c D:/Programs/Runtimes/GCC/arm-none-eabi/bin/../lib/gcc/arm-none-eabi/15.2.1/../../../../arm-none-eabi/lib/thumb/v6-m/nofp\libc_nano.a(libc_a-impure.o)
                0x20200014                _impure_data
                0x20200060                        . = ALIGN (0x8)
                0x20200060                        __data_end__ = .

.tm_clone_table
                0x20200060        0x0 load address 0x00000bd8
 .tm_clone_table
                0x20200060        0x0 D:/Programs/Runtimes/GCC/arm-none-eabi/bin/../lib/gcc/arm-none-eabi/15.2.1/thumb/v6-m/nofp/crtbegin.o
 .tm_clone_table
                0x20200060        0x0 D:/Programs/Runtimes/GCC/arm-none-eabi/bin/../lib/gcc/arm-none-eabi/15.2.1/thumb/v6-m/nofp/crtend.o

.igot.plt       0x20200060        0x0 load address 0x00000bd8
 .igot.plt      0x20200060        0x0 D:/Programs/Runtimes/GCC/arm-none-eabi/bin/../lib/gcc/arm-none-eabi/15.2.1/thumb/v6-m/nofp/crtbegin.o

.bss            0x20200060      0x158
                0x20200060                        __bss_start__ = .
 *(.shbss)
 *(.bss)
 .bss           0x20200060        0x0 D:/Programs/Runtimes/GCC/arm-none-eabi/bin/../lib/gcc/arm-none-eabi/15.2.1/thumb/v6-m/nofp/crti.o
 .bss           0x20200060        0x0 D:/Programs/Runtimes/GCC/arm-none-eabi/bin/../lib/gcc/arm-none-eabi/15.2.1/thumb/v6-m/nofp/crtbegin.o
 .bss           0x20200060        0x0 D:/Programs/Runtimes/GCC/arm-none-eabi/bin/../lib/gcc/arm-none-eabi/15.2.1/../../../../arm-none-eabi/lib/thumb/v6-m/nofp/crt0.o
 .bss           0x20200060        0x0 CMakeFiles/CMake_Project.dir/Application/interrupt.c.obj
 .bss           0x20200060        0x0 CMakeFiles/CMake_Project.dir/Application/main.c.obj
 .bss           0x20200060        0x0 CMakeFiles/CMake_Project.dir/Core/Src/boot_config.c.obj
 .bss           0x20200060        0x0 CMakeFiles/CMake_Project.dir/Core/Src/ti_msp_dl_config.c.obj
 .bss           0x20200060        0x0 CMakeFiles/CMake_Project.dir/Core/Startup/startup_mspm0g350x_gcc.c.obj
 .bss           0x20200060        0x0 D:/Programs/Runtimes/GCC/arm-none-eabi/bin/../lib/gcc/arm-none-eabi/15.2.1/thumb/v6-m/nofp\libgcc.a(_udivsi3.o)
 .bss           0x20200060        0x0 D:/Programs/Runtimes/GCC/arm-none-eabi/bin/../lib/gcc/arm-none-eabi/15.2.1/thumb/v6-m/nofp\libgcc.a(_dvmd_tls.o)
 .bss           0x20200060        0x0 D:/Programs/Runtimes/GCC/arm-none-eabi/bin/../lib/gcc/arm-none-eabi/15.2.1/../../../../arm-none-eabi/lib/thumb/v6-m/nofp\libc_nano.a(libc_a-exit.o)
 .bss           0x20200060        0x0 D:/Programs/Runtimes/GCC/arm-none-eabi/bin/../lib/gcc/arm-none-eabi/15.2.1/../../../../arm-none-eabi/lib/thumb/v6-m/nofp\libc_nano.a(libc_a-findfp.o)
 .bss           0x20200060        0x0 D:/Programs/Runtimes/GCC/arm-none-eabi/bin/../lib/gcc/arm-none-eabi/15.2.1/../../../../arm-none-eabi/lib/thumb/v6-m/nofp\libc_nano.a(libc_a-fwalk.o)
 .bss           0x20200060        0x0 D:/Programs/Runtimes/GCC/arm-none-eabi/bin/../lib/gcc/arm-none-eabi/15.2.1/../../../../arm-none-eabi/lib/thumb/v6-m/nofp\libc_nano.a(libc_a-stdio.o)
 .bss           0x20200060        0x0 D:/Programs/Runtimes/GCC/arm-none-eabi/bin/../lib/gcc/arm-none-eabi/15.2.1/../../../../arm-none-eabi/lib/thumb/v6-m/nofp\libc_nano.a(libc_a-memset.o)
 .bss           0x20200060        0x0 D:/Programs/Runtimes/GCC/arm-none-eabi/bin/../lib/gcc/arm-none-eabi/15.2.1/../../../../arm-none-eabi/lib/thumb/v6-m/nofp\libc_nano.a(libc_a-closer.o)
 .bss           0x20200060        0x0 D:/Programs/Runtimes/GCC/arm-none-eabi/bin/../lib/gcc/arm-none-eabi/15.2.1/../../../../arm-none-eabi/lib/thumb/v6-m/nofp\libc_nano.a(libc_a-reent.o)
 .bss           0x20200060        0x0 D:/Programs/Runtimes/GCC/arm-none-eabi/bin/../lib/gcc/arm-none-eabi/15.2.1/../../../../arm-none-eabi/lib/thumb/v6-m/nofp\libc_nano.a(libc_a-impure.o)
 .bss           0x20200060        0x0 D:/Programs/Runtimes/GCC/arm-none-eabi/bin/../lib/gcc/arm-none-eabi/15.2.1/../../../../arm-none-eabi/lib/thumb/v6-m/nofp\libc_nano.a(libc_a-lseekr.o)
 .bss           0x20200060        0x0 D:/Programs/Runtimes/GCC/arm-none-eabi/bin/../lib/gcc/arm-none-eabi/15.2.1/../../../../arm-none-eabi/lib/thumb/v6-m/nofp\libc_nano.a(libc_a-readr.o)
 .bss           0x20200060        0x0 D:/Programs/Runtimes/GCC/arm-none-eabi/bin/../lib/gcc/arm-none-eabi/15.2.1/../../../../arm-none-eabi/lib/thumb/v6-m/nofp\libc_nano.a(libc_a-writer.o)
 .bss           0x20200060        0x0 D:/Programs/Runtimes/GCC/arm-none-eabi/bin/../lib/gcc/arm-none-eabi/15.2.1/../../../../arm-none-eabi/lib/thumb/v6-m/nofp\libc_nano.a(libc_a-init.o)
 .bss           0x20200060        0x0 D:/Programs/Runtimes/GCC/arm-none-eabi/bin/../lib/gcc/arm-none-eabi/15.2.1/../../../../arm-none-eabi/lib/thumb/v6-m/nofp\libc_nano.a(libc_a-lock.o)
 .bss           0x20200060        0x0 D:/Programs/Runtimes/GCC/arm-none-eabi/bin/../lib/gcc/arm-none-eabi/15.2.1/../../../../arm-none-eabi/lib/thumb/v6-m/nofp\libc_nano.a(libc_a-memcpy-stub.o)
 .bss           0x20200060        0x0 D:/Programs/Runtimes/GCC/arm-none-eabi/bin/../lib/gcc/arm-none-eabi/15.2.1/../../../../arm-none-eabi/lib/thumb/v6-m/nofp\libc_nano.a(libc_a-freer.o)
 .bss           0x20200060        0x0 D:/Programs/Runtimes/GCC/arm-none-eabi/bin/../lib/gcc/arm-none-eabi/15.2.1/../../../../arm-none-eabi/lib/thumb/v6-m/nofp\libc_nano.a(libc_a-mallocr.o)
 .bss           0x20200060        0x0 D:/Programs/Runtimes/GCC/arm-none-eabi/bin/../lib/gcc/arm-none-eabi/15.2.1/../../../../arm-none-eabi/lib/thumb/v6-m/nofp\libc_nano.a(libc_a-mlock.o)
 .bss           0x20200060        0x0 D:/Programs/Runtimes/GCC/arm-none-eabi/bin/../lib/gcc/arm-none-eabi/15.2.1/../../../../arm-none-eabi/lib/thumb/v6-m/nofp\libc_nano.a(libc_a-fflush.o)
 .bss           0x20200060        0x0 D:/Programs/Runtimes/GCC/arm-none-eabi/bin/../lib/gcc/arm-none-eabi/15.2.1/../../../../arm-none-eabi/lib/thumb/v6-m/nofp\libc_nano.a(libc_a-sbrkr.o)
 .bss           0x20200060        0x0 D:/Programs/Runtimes/GCC/arm-none-eabi/bin/../lib/gcc/arm-none-eabi/15.2.1/../../../../arm-none-eabi/lib/thumb/v6-m/nofp\libnosys.a(close.o)
 .bss           0x20200060        0x0 D:/Programs/Runtimes/GCC/arm-none-eabi/bin/../lib/gcc/arm-none-eabi/15.2.1/../../../../arm-none-eabi/lib/thumb/v6-m/nofp\libnosys.a(lseek.o)
 .bss           0x20200060        0x0 D:/Programs/Runtimes/GCC/arm-none-eabi/bin/../lib/gcc/arm-none-eabi/15.2.1/../../../../arm-none-eabi/lib/thumb/v6-m/nofp\libnosys.a(read.o)
 .bss           0x20200060        0x0 D:/Programs/Runtimes/GCC/arm-none-eabi/bin/../lib/gcc/arm-none-eabi/15.2.1/../../../../arm-none-eabi/lib/thumb/v6-m/nofp\libnosys.a(sbrk.o)
 .bss           0x20200060        0x0 D:/Programs/Runtimes/GCC/arm-none-eabi/bin/../lib/gcc/arm-none-eabi/15.2.1/../../../../arm-none-eabi/lib/thumb/v6-m/nofp\libnosys.a(write.o)
 .bss           0x20200060        0x0 D:/Programs/Runtimes/GCC/arm-none-eabi/bin/../lib/gcc/arm-none-eabi/15.2.1/../../../../arm-none-eabi/lib/thumb/v6-m/nofp\libnosys.a(_exit.o)
 .bss           0x20200060        0x0 D:/Programs/Runtimes/GCC/arm-none-eabi/bin/../lib/gcc/arm-none-eabi/15.2.1/thumb/v6-m/nofp/crtend.o
 .bss           0x20200060        0x0 D:/Programs/Runtimes/GCC/arm-none-eabi/bin/../lib/gcc/arm-none-eabi/15.2.1/thumb/v6-m/nofp/crtn.o
 .bss           0x20200060        0x0 C:/Users/Tommy/Desktop/Codes/EMBEDD~1/TI/CMAKE_~1/Drivers\ti/driverlib/lib/gcc/m0p/mspm0g1x0x_g3x0x/driverlib.a(dl_common.o)
 .bss           0x20200060        0x0 C:/Users/Tommy/Desktop/Codes/EMBEDD~1/TI/CMAKE_~1/Drivers\ti/driverlib/lib/gcc/m0p/mspm0g1x0x_g3x0x/driverlib.a(dl_sysctl_mspm0g1x0x_g3x0x.o)
 *(.bss.*)
 .bss.completed.1
                0x20200060        0x1 D:/Programs/Runtimes/GCC/arm-none-eabi/bin/../lib/gcc/arm-none-eabi/15.2.1/thumb/v6-m/nofp/crtbegin.o
 *fill*         0x20200061        0x3 
 .bss.object.0  0x20200064       0x18 D:/Programs/Runtimes/GCC/arm-none-eabi/bin/../lib/gcc/arm-none-eabi/15.2.1/thumb/v6-m/nofp/crtbegin.o
 .bss.__sf      0x2020007c      0x138 D:/Programs/Runtimes/GCC/arm-none-eabi/bin/../lib/gcc/arm-none-eabi/15.2.1/../../../../arm-none-eabi/lib/thumb/v6-m/nofp\libc_nano.a(libc_a-findfp.o)
                0x2020007c                __sf
 .bss.__stdio_exit_handler
                0x202001b4        0x4 D:/Programs/Runtimes/GCC/arm-none-eabi/bin/../lib/gcc/arm-none-eabi/15.2.1/../../../../arm-none-eabi/lib/thumb/v6-m/nofp\libc_nano.a(libc_a-findfp.o)
                0x202001b4                __stdio_exit_handler
 *(COMMON)
                0x202001b8                        . = ALIGN (0x8)
                0x202001b8                        __bss_end__ = .

.noinit         0x202001b8        0x0
 *(*.noinit*)
                0x202001b8                        . = ALIGN (0x8)

.heap           0x202001b8        0x0
                0x202001b8                        __heap_start__ = .
                0x202001b8                        end = __heap_start__
                0x202001b8                        _end = end
                0x202001b8                        __end = end
 *(.heap)
                0x202001b8                        __heap_end__ = .
                0x202001b8                        __HeapLimit = __heap_end__

.stack          0x202001b8        0x0
                0x202001b8                        _stack = .
 *(.stack)

.BCRConfig      0x41c00000       0x60
 *(.BCRConfig)
 .BCRConfig     0x41c00000       0x60 CMakeFiles/CMake_Project.dir/Core/Src/boot_config.c.obj
                0x41c00000                BCRConfig

.BSLConfig      0x41c00100       0x58
 *(.BSLConfig)
 .BSLConfig     0x41c00100       0x58 CMakeFiles/CMake_Project.dir/Core/Src/boot_config.c.obj
                0x41c00100                BSLConfig
                0x20208000                        __StackTop = (ORIGIN (REGION_STACK) + LENGTH (REGION_STACK))
                0x20208000                        PROVIDE (__stack = __StackTop)
LOAD C:/Users/Tommy/Desktop/Codes/EMBEDD~1/TI/CMAKE_~1/Drivers\ti/driverlib/lib/gcc/m0p/mspm0g1x0x_g3x0x/driverlib.a
OUTPUT(outputs\CMake_Project.elf elf32-littlearm)
LOAD linker stubs

.rel.dyn        0x41c00158        0x0
 .rel.iplt      0x41c00158        0x0 D:/Programs/Runtimes/GCC/arm-none-eabi/bin/../lib/gcc/arm-none-eabi/15.2.1/thumb/v6-m/nofp/crtbegin.o

.ARM.attributes
                0x00000000       0x28
 .ARM.attributes
                0x00000000       0x1e D:/Programs/Runtimes/GCC/arm-none-eabi/bin/../lib/gcc/arm-none-eabi/15.2.1/thumb/v6-m/nofp/crti.o
 .ARM.attributes
                0x0000001e       0x2c D:/Programs/Runtimes/GCC/arm-none-eabi/bin/../lib/gcc/arm-none-eabi/15.2.1/thumb/v6-m/nofp/crtbegin.o
 .ARM.attributes
                0x0000004a       0x1b D:/Programs/Runtimes/GCC/arm-none-eabi/bin/../lib/gcc/arm-none-eabi/15.2.1/../../../../arm-none-eabi/lib/thumb/v6-m/nofp/crt0.o
 .ARM.attributes
                0x00000065       0x2c CMakeFiles/CMake_Project.dir/Application/interrupt.c.obj
 .ARM.attributes
                0x00000091       0x2c CMakeFiles/CMake_Project.dir/Application/main.c.obj
 .ARM.attributes
                0x000000bd       0x2c CMakeFiles/CMake_Project.dir/Core/Src/boot_config.c.obj
 .ARM.attributes
                0x000000e9       0x2c CMakeFiles/CMake_Project.dir/Core/Src/ti_msp_dl_config.c.obj
 .ARM.attributes
                0x00000115       0x2c CMakeFiles/CMake_Project.dir/Core/Startup/startup_mspm0g350x_gcc.c.obj
 .ARM.attributes
                0x00000141       0x1e D:/Programs/Runtimes/GCC/arm-none-eabi/bin/../lib/gcc/arm-none-eabi/15.2.1/thumb/v6-m/nofp\libgcc.a(_udivsi3.o)
 .ARM.attributes
                0x0000015f       0x1e D:/Programs/Runtimes/GCC/arm-none-eabi/bin/../lib/gcc/arm-none-eabi/15.2.1/thumb/v6-m/nofp\libgcc.a(_dvmd_tls.o)
 .ARM.attributes
                0x0000017d       0x2c D:/Programs/Runtimes/GCC/arm-none-eabi/bin/../lib/gcc/arm-none-eabi/15.2.1/../../../../arm-none-eabi/lib/thumb/v6-m/nofp\libc_nano.a(libc_a-exit.o)
 .ARM.attributes
                0x000001a9       0x2c D:/Programs/Runtimes/GCC/arm-none-eabi/bin/../lib/gcc/arm-none-eabi/15.2.1/../../../../arm-none-eabi/lib/thumb/v6-m/nofp\libc_nano.a(libc_a-findfp.o)
 .ARM.attributes
                0x000001d5       0x2c D:/Programs/Runtimes/GCC/arm-none-eabi/bin/../lib/gcc/arm-none-eabi/15.2.1/../../../../arm-none-eabi/lib/thumb/v6-m/nofp\libc_nano.a(libc_a-fwalk.o)
 .ARM.attributes
                0x00000201       0x2c D:/Programs/Runtimes/GCC/arm-none-eabi/bin/../lib/gcc/arm-none-eabi/15.2.1/../../../../arm-none-eabi/lib/thumb/v6-m/nofp\libc_nano.a(libc_a-stdio.o)
 .ARM.attributes
                0x0000022d       0x2c D:/Programs/Runtimes/GCC/arm-none-eabi/bin/../lib/gcc/arm-none-eabi/15.2.1/../../../../arm-none-eabi/lib/thumb/v6-m/nofp\libc_nano.a(libc_a-memset.o)
 .ARM.attributes
                0x00000259       0x2c D:/Programs/Runtimes/GCC/arm-none-eabi/bin/../lib/gcc/arm-none-eabi/15.2.1/../../../../arm-none-eabi/lib/thumb/v6-m/nofp\libc_nano.a(libc_a-closer.o)
 .ARM.attributes
                0x00000285       0x2c D:/Programs/Runtimes/GCC/arm-none-eabi/bin/../lib/gcc/arm-none-eabi/15.2.1/../../../../arm-none-eabi/lib/thumb/v6-m/nofp\libc_nano.a(libc_a-reent.o)
 .ARM.attributes
                0x000002b1       0x2c D:/Programs/Runtimes/GCC/arm-none-eabi/bin/../lib/gcc/arm-none-eabi/15.2.1/../../../../arm-none-eabi/lib/thumb/v6-m/nofp\libc_nano.a(libc_a-impure.o)
 .ARM.attributes
                0x000002dd       0x2c D:/Programs/Runtimes/GCC/arm-none-eabi/bin/../lib/gcc/arm-none-eabi/15.2.1/../../../../arm-none-eabi/lib/thumb/v6-m/nofp\libc_nano.a(libc_a-lseekr.o)
 .ARM.attributes
                0x00000309       0x2c D:/Programs/Runtimes/GCC/arm-none-eabi/bin/../lib/gcc/arm-none-eabi/15.2.1/../../../../arm-none-eabi/lib/thumb/v6-m/nofp\libc_nano.a(libc_a-readr.o)
 .ARM.attributes
                0x00000335       0x2c D:/Programs/Runtimes/GCC/arm-none-eabi/bin/../lib/gcc/arm-none-eabi/15.2.1/../../../../arm-none-eabi/lib/thumb/v6-m/nofp\libc_nano.a(libc_a-writer.o)
 .ARM.attributes
                0x00000361       0x2c D:/Programs/Runtimes/GCC/arm-none-eabi/bin/../lib/gcc/arm-none-eabi/15.2.1/../../../../arm-none-eabi/lib/thumb/v6-m/nofp\libc_nano.a(libc_a-init.o)
 .ARM.attributes
                0x0000038d       0x2c D:/Programs/Runtimes/GCC/arm-none-eabi/bin/../lib/gcc/arm-none-eabi/15.2.1/../../../../arm-none-eabi/lib/thumb/v6-m/nofp\libc_nano.a(libc_a-lock.o)
 .ARM.attributes
                0x000003b9       0x2c D:/Programs/Runtimes/GCC/arm-none-eabi/bin/../lib/gcc/arm-none-eabi/15.2.1/../../../../arm-none-eabi/lib/thumb/v6-m/nofp\libc_nano.a(libc_a-memcpy-stub.o)
 .ARM.attributes
                0x000003e5       0x2c D:/Programs/Runtimes/GCC/arm-none-eabi/bin/../lib/gcc/arm-none-eabi/15.2.1/../../../../arm-none-eabi/lib/thumb/v6-m/nofp\libc_nano.a(libc_a-freer.o)
 .ARM.attributes
                0x00000411       0x2c D:/Programs/Runtimes/GCC/arm-none-eabi/bin/../lib/gcc/arm-none-eabi/15.2.1/../../../../arm-none-eabi/lib/thumb/v6-m/nofp\libc_nano.a(libc_a-mallocr.o)
 .ARM.attributes
                0x0000043d       0x2c D:/Programs/Runtimes/GCC/arm-none-eabi/bin/../lib/gcc/arm-none-eabi/15.2.1/../../../../arm-none-eabi/lib/thumb/v6-m/nofp\libc_nano.a(libc_a-mlock.o)
 .ARM.attributes
                0x00000469       0x2c D:/Programs/Runtimes/GCC/arm-none-eabi/bin/../lib/gcc/arm-none-eabi/15.2.1/../../../../arm-none-eabi/lib/thumb/v6-m/nofp\libc_nano.a(libc_a-fflush.o)
 .ARM.attributes
                0x00000495       0x2c D:/Programs/Runtimes/GCC/arm-none-eabi/bin/../lib/gcc/arm-none-eabi/15.2.1/../../../../arm-none-eabi/lib/thumb/v6-m/nofp\libc_nano.a(libc_a-sbrkr.o)
 .ARM.attributes
                0x000004c1       0x2c D:/Programs/Runtimes/GCC/arm-none-eabi/bin/../lib/gcc/arm-none-eabi/15.2.1/../../../../arm-none-eabi/lib/thumb/v6-m/nofp\libnosys.a(close.o)
 .ARM.attributes
                0x000004ed       0x2c D:/Programs/Runtimes/GCC/arm-none-eabi/bin/../lib/gcc/arm-none-eabi/15.2.1/../../../../arm-none-eabi/lib/thumb/v6-m/nofp\libnosys.a(lseek.o)
 .ARM.attributes
                0x00000519       0x2c D:/Programs/Runtimes/GCC/arm-none-eabi/bin/../lib/gcc/arm-none-eabi/15.2.1/../../../../arm-none-eabi/lib/thumb/v6-m/nofp\libnosys.a(read.o)
 .ARM.attributes
                0x00000545       0x2c D:/Programs/Runtimes/GCC/arm-none-eabi/bin/../lib/gcc/arm-none-eabi/15.2.1/../../../../arm-none-eabi/lib/thumb/v6-m/nofp\libnosys.a(sbrk.o)
 .ARM.attributes
                0x00000571       0x2c D:/Programs/Runtimes/GCC/arm-none-eabi/bin/../lib/gcc/arm-none-eabi/15.2.1/../../../../arm-none-eabi/lib/thumb/v6-m/nofp\libnosys.a(write.o)
 .ARM.attributes
                0x0000059d       0x2c D:/Programs/Runtimes/GCC/arm-none-eabi/bin/../lib/gcc/arm-none-eabi/15.2.1/../../../../arm-none-eabi/lib/thumb/v6-m/nofp\libnosys.a(_exit.o)
 .ARM.attributes
                0x000005c9       0x2c D:/Programs/Runtimes/GCC/arm-none-eabi/bin/../lib/gcc/arm-none-eabi/15.2.1/thumb/v6-m/nofp/crtend.o
 .ARM.attributes
                0x000005f5       0x1e D:/Programs/Runtimes/GCC/arm-none-eabi/bin/../lib/gcc/arm-none-eabi/15.2.1/thumb/v6-m/nofp/crtn.o
 .ARM.attributes
                0x00000613       0x2b C:/Users/Tommy/Desktop/Codes/EMBEDD~1/TI/CMAKE_~1/Drivers\ti/driverlib/lib/gcc/m0p/mspm0g1x0x_g3x0x/driverlib.a(dl_common.o)
 .ARM.attributes
                0x0000063e       0x2b C:/Users/Tommy/Desktop/Codes/EMBEDD~1/TI/CMAKE_~1/Drivers\ti/driverlib/lib/gcc/m0p/mspm0g1x0x_g3x0x/driverlib.a(dl_sysctl_mspm0g1x0x_g3x0x.o)

.comment        0x00000000       0xbe
 .comment       0x00000000       0xbe CMakeFiles/CMake_Project.dir/Application/interrupt.c.obj
                                 0x46 (size before relaxing)
 .comment       0x000000be        0x0 CMakeFiles/CMake_Project.dir/Application/main.c.obj
                                 0x46 (size before relaxing)
 .comment       0x000000be        0x0 CMakeFiles/CMake_Project.dir/Core/Src/boot_config.c.obj
                                 0x46 (size before relaxing)
 .comment       0x000000be        0x0 CMakeFiles/CMake_Project.dir/Core/Src/ti_msp_dl_config.c.obj
                                 0x46 (size before relaxing)
 .comment       0x000000be        0x0 CMakeFiles/CMake_Project.dir/Core/Startup/startup_mspm0g350x_gcc.c.obj
                                 0x46 (size before relaxing)
 .comment       0x000000be        0x0 C:/Users/Tommy/Desktop/Codes/EMBEDD~1/TI/CMAKE_~1/Drivers\ti/driverlib/lib/gcc/m0p/mspm0g1x0x_g3x0x/driverlib.a(dl_common.o)
                                 0x7a (size before relaxing)
 .comment       0x000000be        0x0 C:/Users/Tommy/Desktop/Codes/EMBEDD~1/TI/CMAKE_~1/Drivers\ti/driverlib/lib/gcc/m0p/mspm0g1x0x_g3x0x/driverlib.a(dl_sysctl_mspm0g1x0x_g3x0x.o)
                                 0x7a (size before relaxing)

.debug_line_str
                0x00000000      0x1a3
 .debug_line_str
                0x00000000      0x1a3 D:/Programs/Runtimes/GCC/arm-none-eabi/bin/../lib/gcc/arm-none-eabi/15.2.1/../../../../arm-none-eabi/lib/thumb/v6-m/nofp/crt0.o
                                 0xd6 (size before relaxing)
 .debug_line_str
                0x000001a3        0x0 D:/Programs/Runtimes/GCC/arm-none-eabi/bin/../lib/gcc/arm-none-eabi/15.2.1/thumb/v6-m/nofp\libgcc.a(_udivsi3.o)
                                 0xcd (size before relaxing)
 .debug_line_str
                0x000001a3        0x0 D:/Programs/Runtimes/GCC/arm-none-eabi/bin/../lib/gcc/arm-none-eabi/15.2.1/thumb/v6-m/nofp\libgcc.a(_dvmd_tls.o)
                                 0xcd (size before relaxing)

.debug_line     0x00000000     0x2574
 .debug_line    0x00000000        0x0 CMakeFiles/CMake_Project.dir/Application/interrupt.c.obj
 .debug_line    0x00000000      0x4d5 CMakeFiles/CMake_Project.dir/Application/main.c.obj
 .debug_line    0x000004d5      0x45a CMakeFiles/CMake_Project.dir/Core/Src/boot_config.c.obj
 .debug_line    0x0000092f      0x88a CMakeFiles/CMake_Project.dir/Core/Src/ti_msp_dl_config.c.obj
 .debug_line    0x000011b9      0x1b5 CMakeFiles/CMake_Project.dir/Core/Startup/startup_mspm0g350x_gcc.c.obj
 .debug_line    0x0000136e      0x427 C:/Users/Tommy/Desktop/Codes/EMBEDD~1/TI/CMAKE_~1/Drivers\ti/driverlib/lib/gcc/m0p/mspm0g1x0x_g3x0x/driverlib.a(dl_common.o)
 .debug_line    0x00001795      0xddf C:/Users/Tommy/Desktop/Codes/EMBEDD~1/TI/CMAKE_~1/Drivers\ti/driverlib/lib/gcc/m0p/mspm0g1x0x_g3x0x/driverlib.a(dl_sysctl_mspm0g1x0x_g3x0x.o)

.debug_str      0x00000000     0x3dd0
 .debug_str     0x00000000     0x3dd0 CMakeFiles/CMake_Project.dir/Application/interrupt.c.obj
                                0x12a (size before relaxing)
 .debug_str     0x00003dd0        0x0 CMakeFiles/CMake_Project.dir/Application/main.c.obj
                               0x1ae2 (size before relaxing)
 .debug_str     0x00003dd0        0x0 CMakeFiles/CMake_Project.dir/Core/Src/boot_config.c.obj
                               0x226f (size before relaxing)
 .debug_str     0x00003dd0        0x0 CMakeFiles/CMake_Project.dir/Core/Src/ti_msp_dl_config.c.obj
                               0x2c72 (size before relaxing)
 .debug_str     0x00003dd0        0x0 CMakeFiles/CMake_Project.dir/Core/Startup/startup_mspm0g350x_gcc.c.obj
                                0x2bd (size before relaxing)
 .debug_str     0x00003dd0        0x0 C:/Users/Tommy/Desktop/Codes/EMBEDD~1/TI/CMAKE_~1/Drivers\ti/driverlib/lib/gcc/m0p/mspm0g1x0x_g3x0x/driverlib.a(dl_common.o)
                               0x1b32 (size before relaxing)
 .debug_str     0x00003dd0        0x0 C:/Users/Tommy/Desktop/Codes/EMBEDD~1/TI/CMAKE_~1/Drivers\ti/driverlib/lib/gcc/m0p/mspm0g1x0x_g3x0x/driverlib.a(dl_sysctl_mspm0g1x0x_g3x0x.o)
                               0x26e0 (size before relaxing)

.debug_info     0x00000000    0x1cad1
 .debug_info    0x00000000     0x5591 CMakeFiles/CMake_Project.dir/Application/main.c.obj
 .debug_info    0x00005591     0x5af4 CMakeFiles/CMake_Project.dir/Core/Src/boot_config.c.obj
 .debug_info    0x0000b085     0x6050 CMakeFiles/CMake_Project.dir/Core/Src/ti_msp_dl_config.c.obj
 .debug_info    0x000110d5      0x1a3 CMakeFiles/CMake_Project.dir/Core/Startup/startup_mspm0g350x_gcc.c.obj
 .debug_info    0x00011278     0x561b C:/Users/Tommy/Desktop/Codes/EMBEDD~1/TI/CMAKE_~1/Drivers\ti/driverlib/lib/gcc/m0p/mspm0g1x0x_g3x0x/driverlib.a(dl_common.o)
 .debug_info    0x00016893     0x623e C:/Users/Tommy/Desktop/Codes/EMBEDD~1/TI/CMAKE_~1/Drivers\ti/driverlib/lib/gcc/m0p/mspm0g1x0x_g3x0x/driverlib.a(dl_sysctl_mspm0g1x0x_g3x0x.o)

.debug_abbrev   0x00000000      0xbf1
 .debug_abbrev  0x00000000      0x187 CMakeFiles/CMake_Project.dir/Application/main.c.obj
 .debug_abbrev  0x00000187      0x1b5 CMakeFiles/CMake_Project.dir/Core/Src/boot_config.c.obj
 .debug_abbrev  0x0000033c      0x30a CMakeFiles/CMake_Project.dir/Core/Src/ti_msp_dl_config.c.obj
 .debug_abbrev  0x00000646      0x10d CMakeFiles/CMake_Project.dir/Core/Startup/startup_mspm0g350x_gcc.c.obj
 .debug_abbrev  0x00000753      0x166 C:/Users/Tommy/Desktop/Codes/EMBEDD~1/TI/CMAKE_~1/Drivers\ti/driverlib/lib/gcc/m0p/mspm0g1x0x_g3x0x/driverlib.a(dl_common.o)
 .debug_abbrev  0x000008b9      0x338 C:/Users/Tommy/Desktop/Codes/EMBEDD~1/TI/CMAKE_~1/Drivers\ti/driverlib/lib/gcc/m0p/mspm0g1x0x_g3x0x/driverlib.a(dl_sysctl_mspm0g1x0x_g3x0x.o)

.debug_aranges  0x00000000      0x1d8
 .debug_aranges
                0x00000000       0x20 CMakeFiles/CMake_Project.dir/Application/main.c.obj
 .debug_aranges
                0x00000020       0x18 CMakeFiles/CMake_Project.dir/Core/Src/boot_config.c.obj
 .debug_aranges
                0x00000038       0xd8 CMakeFiles/CMake_Project.dir/Core/Src/ti_msp_dl_config.c.obj
 .debug_aranges
                0x00000110       0x30 CMakeFiles/CMake_Project.dir/Core/Startup/startup_mspm0g350x_gcc.c.obj
 .debug_aranges
                0x00000140       0x20 C:/Users/Tommy/Desktop/Codes/EMBEDD~1/TI/CMAKE_~1/Drivers\ti/driverlib/lib/gcc/m0p/mspm0g1x0x_g3x0x/driverlib.a(dl_common.o)
 .debug_aranges
                0x00000160       0x78 C:/Users/Tommy/Desktop/Codes/EMBEDD~1/TI/CMAKE_~1/Drivers\ti/driverlib/lib/gcc/m0p/mspm0g1x0x_g3x0x/driverlib.a(dl_sysctl_mspm0g1x0x_g3x0x.o)

.debug_rnglists
                0x00000000       0xd2
 .debug_rnglists
                0x00000000       0x13 CMakeFiles/CMake_Project.dir/Application/main.c.obj
 .debug_rnglists
                0x00000013       0x9f CMakeFiles/CMake_Project.dir/Core/Src/ti_msp_dl_config.c.obj
 .debug_rnglists
                0x000000b2       0x20 CMakeFiles/CMake_Project.dir/Core/Startup/startup_mspm0g350x_gcc.c.obj

.debug_frame    0x00000000      0xb0c
 .debug_frame   0x00000000       0x2c CMakeFiles/CMake_Project.dir/Application/main.c.obj
 .debug_frame   0x0000002c      0x2ec CMakeFiles/CMake_Project.dir/Core/Src/ti_msp_dl_config.c.obj
 .debug_frame   0x00000318       0x68 CMakeFiles/CMake_Project.dir/Core/Startup/startup_mspm0g350x_gcc.c.obj
 .debug_frame   0x00000380       0x20 D:/Programs/Runtimes/GCC/arm-none-eabi/bin/../lib/gcc/arm-none-eabi/15.2.1/thumb/v6-m/nofp\libgcc.a(_udivsi3.o)
 .debug_frame   0x000003a0       0x28 D:/Programs/Runtimes/GCC/arm-none-eabi/bin/../lib/gcc/arm-none-eabi/15.2.1/../../../../arm-none-eabi/lib/thumb/v6-m/nofp\libc_nano.a(libc_a-exit.o)
 .debug_frame   0x000003c8      0x138 D:/Programs/Runtimes/GCC/arm-none-eabi/bin/../lib/gcc/arm-none-eabi/15.2.1/../../../../arm-none-eabi/lib/thumb/v6-m/nofp\libc_nano.a(libc_a-findfp.o)
 .debug_frame   0x00000500       0x34 D:/Programs/Runtimes/GCC/arm-none-eabi/bin/../lib/gcc/arm-none-eabi/15.2.1/../../../../arm-none-eabi/lib/thumb/v6-m/nofp\libc_nano.a(libc_a-fwalk.o)
 .debug_frame   0x00000534       0x90 D:/Programs/Runtimes/GCC/arm-none-eabi/bin/../lib/gcc/arm-none-eabi/15.2.1/../../../../arm-none-eabi/lib/thumb/v6-m/nofp\libc_nano.a(libc_a-stdio.o)
 .debug_frame   0x000005c4       0x20 D:/Programs/Runtimes/GCC/arm-none-eabi/bin/../lib/gcc/arm-none-eabi/15.2.1/../../../../arm-none-eabi/lib/thumb/v6-m/nofp\libc_nano.a(libc_a-memset.o)
 .debug_frame   0x000005e4       0x2c D:/Programs/Runtimes/GCC/arm-none-eabi/bin/../lib/gcc/arm-none-eabi/15.2.1/../../../../arm-none-eabi/lib/thumb/v6-m/nofp\libc_nano.a(libc_a-closer.o)
 .debug_frame   0x00000610       0x2c D:/Programs/Runtimes/GCC/arm-none-eabi/bin/../lib/gcc/arm-none-eabi/15.2.1/../../../../arm-none-eabi/lib/thumb/v6-m/nofp\libc_nano.a(libc_a-reent.o)
 .debug_frame   0x0000063c       0x2c D:/Programs/Runtimes/GCC/arm-none-eabi/bin/../lib/gcc/arm-none-eabi/15.2.1/../../../../arm-none-eabi/lib/thumb/v6-m/nofp\libc_nano.a(libc_a-lseekr.o)
 .debug_frame   0x00000668       0x2c D:/Programs/Runtimes/GCC/arm-none-eabi/bin/../lib/gcc/arm-none-eabi/15.2.1/../../../../arm-none-eabi/lib/thumb/v6-m/nofp\libc_nano.a(libc_a-readr.o)
 .debug_frame   0x00000694       0x2c D:/Programs/Runtimes/GCC/arm-none-eabi/bin/../lib/gcc/arm-none-eabi/15.2.1/../../../../arm-none-eabi/lib/thumb/v6-m/nofp\libc_nano.a(libc_a-writer.o)
 .debug_frame   0x000006c0       0x2c D:/Programs/Runtimes/GCC/arm-none-eabi/bin/../lib/gcc/arm-none-eabi/15.2.1/../../../../arm-none-eabi/lib/thumb/v6-m/nofp\libc_nano.a(libc_a-init.o)
 .debug_frame   0x000006ec       0xb0 D:/Programs/Runtimes/GCC/arm-none-eabi/bin/../lib/gcc/arm-none-eabi/15.2.1/../../../../arm-none-eabi/lib/thumb/v6-m/nofp\libc_nano.a(libc_a-lock.o)
 .debug_frame   0x0000079c       0x28 D:/Programs/Runtimes/GCC/arm-none-eabi/bin/../lib/gcc/arm-none-eabi/15.2.1/../../../../arm-none-eabi/lib/thumb/v6-m/nofp\libc_nano.a(libc_a-memcpy-stub.o)
 .debug_frame   0x000007c4       0x2c D:/Programs/Runtimes/GCC/arm-none-eabi/bin/../lib/gcc/arm-none-eabi/15.2.1/../../../../arm-none-eabi/lib/thumb/v6-m/nofp\libc_nano.a(libc_a-freer.o)
 .debug_frame   0x000007f0       0x50 D:/Programs/Runtimes/GCC/arm-none-eabi/bin/../lib/gcc/arm-none-eabi/15.2.1/../../../../arm-none-eabi/lib/thumb/v6-m/nofp\libc_nano.a(libc_a-mallocr.o)
 .debug_frame   0x00000840       0x40 D:/Programs/Runtimes/GCC/arm-none-eabi/bin/../lib/gcc/arm-none-eabi/15.2.1/../../../../arm-none-eabi/lib/thumb/v6-m/nofp\libc_nano.a(libc_a-mlock.o)
 .debug_frame   0x00000880       0x68 D:/Programs/Runtimes/GCC/arm-none-eabi/bin/../lib/gcc/arm-none-eabi/15.2.1/../../../../arm-none-eabi/lib/thumb/v6-m/nofp\libc_nano.a(libc_a-fflush.o)
 .debug_frame   0x000008e8       0x2c D:/Programs/Runtimes/GCC/arm-none-eabi/bin/../lib/gcc/arm-none-eabi/15.2.1/../../../../arm-none-eabi/lib/thumb/v6-m/nofp\libc_nano.a(libc_a-sbrkr.o)
 .debug_frame   0x00000914       0x20 D:/Programs/Runtimes/GCC/arm-none-eabi/bin/../lib/gcc/arm-none-eabi/15.2.1/../../../../arm-none-eabi/lib/thumb/v6-m/nofp\libnosys.a(close.o)
 .debug_frame   0x00000934       0x20 D:/Programs/Runtimes/GCC/arm-none-eabi/bin/../lib/gcc/arm-none-eabi/15.2.1/../../../../arm-none-eabi/lib/thumb/v6-m/nofp\libnosys.a(lseek.o)
 .debug_frame   0x00000954       0x20 D:/Programs/Runtimes/GCC/arm-none-eabi/bin/../lib/gcc/arm-none-eabi/15.2.1/../../../../arm-none-eabi/lib/thumb/v6-m/nofp\libnosys.a(read.o)
 .debug_frame   0x00000974       0x20 D:/Programs/Runtimes/GCC/arm-none-eabi/bin/../lib/gcc/arm-none-eabi/15.2.1/../../../../arm-none-eabi/lib/thumb/v6-m/nofp\libnosys.a(sbrk.o)
 .debug_frame   0x00000994       0x20 D:/Programs/Runtimes/GCC/arm-none-eabi/bin/../lib/gcc/arm-none-eabi/15.2.1/../../../../arm-none-eabi/lib/thumb/v6-m/nofp\libnosys.a(write.o)
 .debug_frame   0x000009b4       0x20 D:/Programs/Runtimes/GCC/arm-none-eabi/bin/../lib/gcc/arm-none-eabi/15.2.1/../../../../arm-none-eabi/lib/thumb/v6-m/nofp\libnosys.a(_exit.o)
 .debug_frame   0x000009d4       0x20 C:/Users/Tommy/Desktop/Codes/EMBEDD~1/TI/CMAKE_~1/Drivers\ti/driverlib/lib/gcc/m0p/mspm0g1x0x_g3x0x/driverlib.a(dl_common.o)
 .debug_frame   0x000009f4      0x118 C:/Users/Tommy/Desktop/Codes/EMBEDD~1/TI/CMAKE_~1/Drivers\ti/driverlib/lib/gcc/m0p/mspm0g1x0x_g3x0x/driverlib.a(dl_sysctl_mspm0g1x0x_g3x0x.o)

.debug_ranges   0x00000000      0x418
 .debug_ranges  0x00000000       0x10 C:/Users/Tommy/Desktop/Codes/EMBEDD~1/TI/CMAKE_~1/Drivers\ti/driverlib/lib/gcc/m0p/mspm0g1x0x_g3x0x/driverlib.a(dl_common.o)
 .debug_ranges  0x00000010      0x408 C:/Users/Tommy/Desktop/Codes/EMBEDD~1/TI/CMAKE_~1/Drivers\ti/driverlib/lib/gcc/m0p/mspm0g1x0x_g3x0x/driverlib.a(dl_sysctl_mspm0g1x0x_g3x0x.o)

.debug_loc      0x00000000      0x65c
 .debug_loc     0x00000000      0x65c C:/Users/Tommy/Desktop/Codes/EMBEDD~1/TI/CMAKE_~1/Drivers\ti/driverlib/lib/gcc/m0p/mspm0g1x0x_g3x0x/driverlib.a(dl_sysctl_mspm0g1x0x_g3x0x.o)
